Archive member included to satisfy reference by file (symbol)

/usr/local/gcc-arm-none-eabi-5_4-2016q3/bin/../lib/gcc/arm-none-eabi/5.4.1/../../../../arm-none-eabi/lib/armv7e-m/softfp/libc_nano.a(lib_a-exit.o)
                              /usr/local/gcc-arm-none-eabi-5_4-2016q3/bin/../lib/gcc/arm-none-eabi/5.4.1/../../../../arm-none-eabi/lib/armv7e-m/softfp/crt0.o (exit)
/usr/local/gcc-arm-none-eabi-5_4-2016q3/bin/../lib/gcc/arm-none-eabi/5.4.1/../../../../arm-none-eabi/lib/armv7e-m/softfp/libc_nano.a(lib_a-impure.o)
                              /usr/local/gcc-arm-none-eabi-5_4-2016q3/bin/../lib/gcc/arm-none-eabi/5.4.1/../../../../arm-none-eabi/lib/armv7e-m/softfp/libc_nano.a(lib_a-exit.o) (_global_impure_ptr)
/usr/local/gcc-arm-none-eabi-5_4-2016q3/bin/../lib/gcc/arm-none-eabi/5.4.1/../../../../arm-none-eabi/lib/armv7e-m/softfp/libc_nano.a(lib_a-init.o)
                              /usr/local/gcc-arm-none-eabi-5_4-2016q3/bin/../lib/gcc/arm-none-eabi/5.4.1/../../../../arm-none-eabi/lib/armv7e-m/softfp/crt0.o (__libc_init_array)
/usr/local/gcc-arm-none-eabi-5_4-2016q3/bin/../lib/gcc/arm-none-eabi/5.4.1/../../../../arm-none-eabi/lib/armv7e-m/softfp/libc_nano.a(lib_a-memcpy-stub.o)
                              build/functions.o (memcpy)
/usr/local/gcc-arm-none-eabi-5_4-2016q3/bin/../lib/gcc/arm-none-eabi/5.4.1/../../../../arm-none-eabi/lib/armv7e-m/softfp/libc_nano.a(lib_a-memset.o)
                              /usr/local/gcc-arm-none-eabi-5_4-2016q3/bin/../lib/gcc/arm-none-eabi/5.4.1/../../../../arm-none-eabi/lib/armv7e-m/softfp/crt0.o (memset)
/usr/local/gcc-arm-none-eabi-5_4-2016q3/bin/../lib/gcc/arm-none-eabi/5.4.1/../../../../arm-none-eabi/lib/armv7e-m/softfp/libc_nano.a(lib_a-printf.o)
                              build/main.o (printf)
/usr/local/gcc-arm-none-eabi-5_4-2016q3/bin/../lib/gcc/arm-none-eabi/5.4.1/../../../../arm-none-eabi/lib/armv7e-m/softfp/libc_nano.a(lib_a-findfp.o)
                              /usr/local/gcc-arm-none-eabi-5_4-2016q3/bin/../lib/gcc/arm-none-eabi/5.4.1/../../../../arm-none-eabi/lib/armv7e-m/softfp/libc_nano.a(lib_a-printf.o) (__sinit)
/usr/local/gcc-arm-none-eabi-5_4-2016q3/bin/../lib/gcc/arm-none-eabi/5.4.1/../../../../arm-none-eabi/lib/armv7e-m/softfp/libc_nano.a(lib_a-fwalk.o)
                              /usr/local/gcc-arm-none-eabi-5_4-2016q3/bin/../lib/gcc/arm-none-eabi/5.4.1/../../../../arm-none-eabi/lib/armv7e-m/softfp/libc_nano.a(lib_a-findfp.o) (_fwalk)
/usr/local/gcc-arm-none-eabi-5_4-2016q3/bin/../lib/gcc/arm-none-eabi/5.4.1/../../../../arm-none-eabi/lib/armv7e-m/softfp/libc_nano.a(lib_a-nano-mallocr.o)
                              /usr/local/gcc-arm-none-eabi-5_4-2016q3/bin/../lib/gcc/arm-none-eabi/5.4.1/../../../../arm-none-eabi/lib/armv7e-m/softfp/libc_nano.a(lib_a-findfp.o) (_malloc_r)
/usr/local/gcc-arm-none-eabi-5_4-2016q3/bin/../lib/gcc/arm-none-eabi/5.4.1/../../../../arm-none-eabi/lib/armv7e-m/softfp/libc_nano.a(lib_a-nano-vfprintf.o)
                              /usr/local/gcc-arm-none-eabi-5_4-2016q3/bin/../lib/gcc/arm-none-eabi/5.4.1/../../../../arm-none-eabi/lib/armv7e-m/softfp/libc_nano.a(lib_a-printf.o) (_vfprintf_r)
/usr/local/gcc-arm-none-eabi-5_4-2016q3/bin/../lib/gcc/arm-none-eabi/5.4.1/../../../../arm-none-eabi/lib/armv7e-m/softfp/libc_nano.a(lib_a-nano-vfprintf_i.o)
                              /usr/local/gcc-arm-none-eabi-5_4-2016q3/bin/../lib/gcc/arm-none-eabi/5.4.1/../../../../arm-none-eabi/lib/armv7e-m/softfp/libc_nano.a(lib_a-nano-vfprintf.o) (_printf_i)
/usr/local/gcc-arm-none-eabi-5_4-2016q3/bin/../lib/gcc/arm-none-eabi/5.4.1/../../../../arm-none-eabi/lib/armv7e-m/softfp/libc_nano.a(lib_a-sbrkr.o)
                              /usr/local/gcc-arm-none-eabi-5_4-2016q3/bin/../lib/gcc/arm-none-eabi/5.4.1/../../../../arm-none-eabi/lib/armv7e-m/softfp/libc_nano.a(lib_a-nano-mallocr.o) (_sbrk_r)
/usr/local/gcc-arm-none-eabi-5_4-2016q3/bin/../lib/gcc/arm-none-eabi/5.4.1/../../../../arm-none-eabi/lib/armv7e-m/softfp/libc_nano.a(lib_a-stdio.o)
                              /usr/local/gcc-arm-none-eabi-5_4-2016q3/bin/../lib/gcc/arm-none-eabi/5.4.1/../../../../arm-none-eabi/lib/armv7e-m/softfp/libc_nano.a(lib_a-findfp.o) (__sread)
/usr/local/gcc-arm-none-eabi-5_4-2016q3/bin/../lib/gcc/arm-none-eabi/5.4.1/../../../../arm-none-eabi/lib/armv7e-m/softfp/libc_nano.a(lib_a-wbuf.o)
                              /usr/local/gcc-arm-none-eabi-5_4-2016q3/bin/../lib/gcc/arm-none-eabi/5.4.1/../../../../arm-none-eabi/lib/armv7e-m/softfp/libc_nano.a(lib_a-nano-vfprintf.o) (__swbuf_r)
/usr/local/gcc-arm-none-eabi-5_4-2016q3/bin/../lib/gcc/arm-none-eabi/5.4.1/../../../../arm-none-eabi/lib/armv7e-m/softfp/libc_nano.a(lib_a-writer.o)
                              /usr/local/gcc-arm-none-eabi-5_4-2016q3/bin/../lib/gcc/arm-none-eabi/5.4.1/../../../../arm-none-eabi/lib/armv7e-m/softfp/libc_nano.a(lib_a-stdio.o) (_write_r)
[...]
Memory Configuration

Name             Origin             Length             Attributes
RAM              0x20000000         0x00020000         xrw
FLASH            0x08000000         0x00080000         xr
*default*        0x00000000         0xffffffff

Linker script and memory map

LOAD /usr/local/gcc-arm-none-eabi-5_4-2016q3/bin/../lib/gcc/arm-none-eabi/5.4.1/armv7e-m/softfp/crti.o
LOAD /usr/local/gcc-arm-none-eabi-5_4-2016q3/bin/../lib/gcc/arm-none-eabi/5.4.1/armv7e-m/softfp/crtbegin.o
LOAD /usr/local/gcc-arm-none-eabi-5_4-2016q3/bin/../lib/gcc/arm-none-eabi/5.4.1/../../../../arm-none-eabi/lib/armv7e-m/softfp/crt0.o
LOAD build/stm32f4xx_hal.o
LOAD build/stm32f4xx_hal_adc.o
LOAD build/stm32f4xx_hal_cortex.o
LOAD build/stm32f4xx_hal_dma.o
LOAD build/stm32f4xx_hal_dma_ex.o
LOAD build/stm32f4xx_hal_flash.o
LOAD build/stm32f4xx_hal_flash_ex.o
LOAD build/stm32f4xx_hal_flash_ramfunc.o
LOAD build/stm32f4xx_hal_gpio.o
LOAD build/stm32f4xx_hal_pwr.o
LOAD build/stm32f4xx_hal_pwr_ex.o
LOAD build/stm32f4xx_hal_rcc.o
LOAD build/stm32f4xx_hal_rcc_ex.o
LOAD build/stm32f4xx_hal_tim.o
LOAD build/stm32f4xx_hal_tim_ex.o
LOAD build/stm32f4xx_hal_uart.o
LOAD build/main.o
LOAD build/functions.o
LOAD build/stm32f4xx_hal_msp.o
LOAD build/stm32f4xx_it.o
LOAD build/system_stm32f4xx.o
LOAD build/startup_stm32f446xx.o
LOAD /usr/local/gcc-arm-none-eabi-5_4-2016q3/bin/../lib/gcc/arm-none-eabi/5.4.1/../../../../arm-none-eabi/lib/armv7e-m/softfp/libc_nano.a
LOAD /usr/local/gcc-arm-none-eabi-5_4-2016q3/bin/../lib/gcc/arm-none-eabi/5.4.1/../../../../arm-none-eabi/lib/armv7e-m/softfp/libm.a
LOAD /usr/local/gcc-arm-none-eabi-5_4-2016q3/bin/../lib/gcc/arm-none-eabi/5.4.1/../../../../arm-none-eabi/lib/armv7e-m/softfp/libnosys.a
START GROUP
LOAD /usr/local/gcc-arm-none-eabi-5_4-2016q3/bin/../lib/gcc/arm-none-eabi/5.4.1/armv7e-m/softfp/libgcc.a
LOAD /usr/local/gcc-arm-none-eabi-5_4-2016q3/bin/../lib/gcc/arm-none-eabi/5.4.1/../../../../arm-none-eabi/lib/armv7e-m/softfp/libc_nano.a
END GROUP
START GROUP
LOAD /usr/local/gcc-arm-none-eabi-5_4-2016q3/bin/../lib/gcc/arm-none-eabi/5.4.1/armv7e-m/softfp/libgcc.a
LOAD /usr/local/gcc-arm-none-eabi-5_4-2016q3/bin/../lib/gcc/arm-none-eabi/5.4.1/../../../../arm-none-eabi/lib/armv7e-m/softfp/libc_nano.a
LOAD /usr/local/gcc-arm-none-eabi-5_4-2016q3/bin/../lib/gcc/arm-none-eabi/5.4.1/../../../../arm-none-eabi/lib/armv7e-m/softfp/libnosys.a
END GROUP
START GROUP
LOAD /usr/local/gcc-arm-none-eabi-5_4-2016q3/bin/../lib/gcc/arm-none-eabi/5.4.1/armv7e-m/softfp/libgcc.a
LOAD /usr/local/gcc-arm-none-eabi-5_4-2016q3/bin/../lib/gcc/arm-none-eabi/5.4.1/../../../../arm-none-eabi/lib/armv7e-m/softfp/libc_nano.a
LOAD /usr/local/gcc-arm-none-eabi-5_4-2016q3/bin/../lib/gcc/arm-none-eabi/5.4.1/../../../../arm-none-eabi/lib/armv7e-m/softfp/libnosys.a
END GROUP
LOAD /usr/local/gcc-arm-none-eabi-5_4-2016q3/bin/../lib/gcc/arm-none-eabi/5.4.1/armv7e-m/softfp/crtend.o
LOAD /usr/local/gcc-arm-none-eabi-5_4-2016q3/bin/../lib/gcc/arm-none-eabi/5.4.1/armv7e-m/softfp/crtn.o
                0x20020000                _estack = 0x20020000
                0x00000200                _Min_Heap_Size = 0x200
                0x00000400                _Min_Stack_Size = 0x400

.isr_vector     0x08000000      0x1c4
                0x08000000                . = ALIGN (0x4)
 *(.isr_vector)
 .isr_vector    0x08000000      0x1c4 build/startup_stm32f446xx.o
                0x08000000                g_pfnVectors
                0x080001c4                . = ALIGN (0x4)

.text           0x080001d0     0x2b64
                0x080001d0                . = ALIGN (0x4)
 *(.text)
 .text          0x080001d0       0x5c /usr/local/gcc-arm-none-eabi-5_4-2016q3/bin/../lib/gcc/arm-none-eabi/5.4.1/armv7e-m/softfp/crtbegin.o
 *fill*         0x0800022c        0x4 
 .text          0x08000230       0xa0 /usr/local/gcc-arm-none-eabi-5_4-2016q3/bin/../lib/gcc/arm-none-eabi/5.4.1/../../../../arm-none-eabi/lib/armv7e-m/softfp/libc_nano.a(lib_a-memchr.o)
                0x08000230                memchr
 *(.text*)
 .text.HAL_InitTick
                0x080002d0       0x2c build/stm32f4xx_hal.o
                0x080002d0                HAL_InitTick
 .text.HAL_Init
                0x080002fc       0x34 build/stm32f4xx_hal.o
                0x080002fc                HAL_Init
 .text.HAL_IncTick
                0x08000330       0x10 build/stm32f4xx_hal.o
                0x08000330                HAL_IncTick
 .text.HAL_GetTick
                0x08000340        0xc build/stm32f4xx_hal.o
                0x08000340                HAL_GetTick
 .text.HAL_Delay
                0x0800034c       0x1c build/stm32f4xx_hal.o
                0x0800034c                HAL_Delay
 .text.HAL_ADC_Init
                0x08000368      0x164 build/stm32f4xx_hal_adc.o
                0x08000368                HAL_ADC_Init
 .text.HAL_ADC_Start
                0x080004cc       0xe0 build/stm32f4xx_hal_adc.o
                0x080004cc                HAL_ADC_Start
 .text.HAL_ADC_PollForConversion
                0x080005ac       0xa0 build/stm32f4xx_hal_adc.o
                0x080005ac                HAL_ADC_PollForConversion
 .text.HAL_ADC_GetValue
                0x0800064c        0x8 build/stm32f4xx_hal_adc.o
                0x0800064c                HAL_ADC_GetValue
 .text.HAL_ADC_ConfigChannel
                0x08000654      0x154 build/stm32f4xx_hal_adc.o
                0x08000654                HAL_ADC_ConfigChannel
 .text.HAL_NVIC_SetPriorityGrouping
                0x080007a8       0x24 build/stm32f4xx_hal_cortex.o
                0x080007a8                HAL_NVIC_SetPriorityGrouping
 .text.HAL_NVIC_SetPriority
                0x080007cc       0x70 build/stm32f4xx_hal_cortex.o
                0x080007cc                HAL_NVIC_SetPriority
 .text.HAL_NVIC_EnableIRQ
                0x0800083c       0x18 build/stm32f4xx_hal_cortex.o
                0x0800083c                HAL_NVIC_EnableIRQ
 .text.HAL_SYSTICK_Config
                0x08000854       0x34 build/stm32f4xx_hal_cortex.o
                0x08000854                HAL_SYSTICK_Config
 .text.HAL_SYSTICK_CLKSourceConfig
                0x08000888       0x18 build/stm32f4xx_hal_cortex.o
                0x08000888                HAL_SYSTICK_CLKSourceConfig
 .text.HAL_SYSTICK_Callback
                0x080008a0        0x4 build/stm32f4xx_hal_cortex.o
                0x080008a0                HAL_SYSTICK_Callback
 .text.HAL_SYSTICK_IRQHandler
                0x080008a4        0x8 build/stm32f4xx_hal_cortex.o
                0x080008a4                HAL_SYSTICK_IRQHandler
 .text.HAL_GPIO_Init
                0x080008ac      0x1e8 build/stm32f4xx_hal_gpio.o
                0x080008ac                HAL_GPIO_Init
 .text.HAL_GPIO_WritePin
                0x08000a94        0x8 build/stm32f4xx_hal_gpio.o
                0x08000a94                HAL_GPIO_WritePin
 .text.HAL_GPIO_TogglePin
                0x08000a9c        0x8 build/stm32f4xx_hal_gpio.o
                0x08000a9c                HAL_GPIO_TogglePin
 .text.HAL_GPIO_EXTI_Callback
                0x08000aa4        0x4 build/stm32f4xx_hal_gpio.o
                0x08000aa4                HAL_GPIO_EXTI_Callback
 .text.HAL_GPIO_EXTI_IRQHandler
                0x08000aa8       0x18 build/stm32f4xx_hal_gpio.o
                0x08000aa8                HAL_GPIO_EXTI_IRQHandler
 .text.HAL_PWREx_EnableOverDrive
                0x08000ac0       0x9c build/stm32f4xx_hal_pwr_ex.o
                0x08000ac0                HAL_PWREx_EnableOverDrive
 .text.HAL_RCC_ClockConfig
                0x08000b5c      0x16c build/stm32f4xx_hal_rcc.o
                0x08000b5c                HAL_RCC_ClockConfig
 .text.HAL_RCC_GetHCLKFreq
                0x08000cc8        0xc build/stm32f4xx_hal_rcc.o
                0x08000cc8                HAL_RCC_GetHCLKFreq
 .text.HAL_RCC_GetPCLK1Freq
                0x08000cd4       0x30 build/stm32f4xx_hal_rcc.o
                0x08000cd4                HAL_RCC_GetPCLK1Freq
 .text.HAL_RCC_GetPCLK2Freq
                0x08000d04       0x30 build/stm32f4xx_hal_rcc.o
                0x08000d04                HAL_RCC_GetPCLK2Freq
 .text.HAL_RCC_OscConfig
                0x08000d34      0x3c4 build/stm32f4xx_hal_rcc_ex.o
                0x08000d34                HAL_RCC_OscConfig
 .text.HAL_RCC_GetSysClockFreq
                0x080010f8       0xd4 build/stm32f4xx_hal_rcc_ex.o
                0x080010f8                HAL_RCC_GetSysClockFreq
 .text.TIM_OC1_SetConfig
                0x080011cc       0x60 build/stm32f4xx_hal_tim.o
 .text.TIM_OC3_SetConfig
                0x0800122c       0x68 build/stm32f4xx_hal_tim.o
 .text.TIM_OC4_SetConfig
                0x08001294       0x50 build/stm32f4xx_hal_tim.o
 .text.HAL_TIM_PWM_Start
                0x080012e4       0x48 build/stm32f4xx_hal_tim.o
                0x080012e4                HAL_TIM_PWM_Start
 .text.TIM_Base_SetConfig
                0x0800132c       0xe4 build/stm32f4xx_hal_tim.o
                0x0800132c                TIM_Base_SetConfig
 .text.HAL_TIM_PWM_Init
                0x08001410       0x38 build/stm32f4xx_hal_tim.o
                0x08001410                HAL_TIM_PWM_Init
 .text.TIM_OC2_SetConfig
                0x08001448       0x68 build/stm32f4xx_hal_tim.o
                0x08001448                TIM_OC2_SetConfig
 .text.HAL_TIM_PWM_ConfigChannel
                0x080014b0       0xd4 build/stm32f4xx_hal_tim.o
                0x080014b0                HAL_TIM_PWM_ConfigChannel
 .text.HAL_TIMEx_MasterConfigSynchronization
                0x08001584       0x48 build/stm32f4xx_hal_tim_ex.o
                0x08001584                HAL_TIMEx_MasterConfigSynchronization
 .text.UART_SetConfig
                0x080015cc      0x2dc build/stm32f4xx_hal_uart.o
 .text.HAL_UART_Init
                0x080018a8       0x60 build/stm32f4xx_hal_uart.o
                0x080018a8                HAL_UART_Init
 .text.SystemClock_Config
                0x08001908       0xb8 build/main.o
                0x08001908                SystemClock_Config
 .text.startup.main
                0x080019c0      0x254 build/main.o
                0x080019c0                main
 .text.HAL_MspInit
                0x08001c14       0x70 build/stm32f4xx_hal_msp.o
                0x08001c14                HAL_MspInit
 .text.HAL_ADC_MspInit
                0x08001c84       0x48 build/stm32f4xx_hal_msp.o
                0x08001c84                HAL_ADC_MspInit
 .text.HAL_TIM_PWM_MspInit
                0x08001ccc       0x30 build/stm32f4xx_hal_msp.o
                0x08001ccc                HAL_TIM_PWM_MspInit
 .text.HAL_TIM_MspPostInit
                0x08001cfc       0x34 build/stm32f4xx_hal_msp.o
                0x08001cfc                HAL_TIM_MspPostInit
 .text.HAL_UART_MspInit
                0x08001d30       0x50 build/stm32f4xx_hal_msp.o
                0x08001d30                HAL_UART_MspInit
 .text.SysTick_Handler
                0x08001d80       0x10 build/stm32f4xx_it.o
                0x08001d80                SysTick_Handler
 .text.RCC_IRQHandler
                0x08001d90        0x4 build/stm32f4xx_it.o
                0x08001d90                RCC_IRQHandler
 .text.EXTI15_10_IRQHandler
                0x08001d94        0x8 build/stm32f4xx_it.o
                0x08001d94                EXTI15_10_IRQHandler
 .text.SystemInit
                0x08001d9c       0x50 build/system_stm32f4xx.o
                0x08001d9c                SystemInit
 .text.Reset_Handler
                0x08001dec       0x50 build/startup_stm32f446xx.o
                0x08001dec                Reset_Handler
 .text.Default_Handler
                0x08001e3c        0x2 build/startup_stm32f446xx.o
                0x08001e3c                RTC_Alarm_IRQHandler
                0x08001e3c                EXTI2_IRQHandler
                0x08001e3c                TIM8_CC_IRQHandler
                0x08001e3c                DebugMon_Handler
                0x08001e3c                SPI4_IRQHandler
                0x08001e3c                TIM1_CC_IRQHandler
                0x08001e3c                DMA2_Stream5_IRQHandler
                0x08001e3c                HardFault_Handler
                0x08001e3c                DMA1_Stream5_IRQHandler
                0x08001e3c                PVD_IRQHandler
                0x08001e3c                SDIO_IRQHandler
                0x08001e3c                TAMP_STAMP_IRQHandler
                0x08001e3c                PendSV_Handler
                0x08001e3c                NMI_Handler
                0x08001e3c                CAN2_RX1_IRQHandler
                0x08001e3c                EXTI3_IRQHandler
                0x08001e3c                TIM8_TRG_COM_TIM14_IRQHandler
                0x08001e3c                TIM1_UP_TIM10_IRQHandler
                0x08001e3c                TIM8_UP_TIM13_IRQHandler
                0x08001e3c                I2C3_ER_IRQHandler
                0x08001e3c                FMPI2C1_Event_IRQHandler
                0x08001e3c                EXTI0_IRQHandler
                0x08001e3c                I2C2_EV_IRQHandler
                0x08001e3c                DMA1_Stream2_IRQHandler
                0x08001e3c                CAN1_RX0_IRQHandler
                0x08001e3c                FPU_IRQHandler
                0x08001e3c                OTG_HS_WKUP_IRQHandler
                0x08001e3c                UsageFault_Handler
                0x08001e3c                CAN2_SCE_IRQHandler
                0x08001e3c                DMA2_Stream2_IRQHandler
                0x08001e3c                SPI1_IRQHandler
                0x08001e3c                TIM6_DAC_IRQHandler
                0x08001e3c                TIM1_BRK_TIM9_IRQHandler
                0x08001e3c                DCMI_IRQHandler
                0x08001e3c                CAN2_RX0_IRQHandler
                0x08001e3c                DMA2_Stream3_IRQHandler
                0x08001e3c                SAI2_IRQHandler
                0x08001e3c                USART6_IRQHandler
                0x08001e3c                USART3_IRQHandler
                0x08001e3c                CAN1_RX1_IRQHandler
                0x08001e3c                UART5_IRQHandler
                0x08001e3c                DMA2_Stream0_IRQHandler
                0x08001e3c                TIM4_IRQHandler
                0x08001e3c                QUADSPI_IRQHandler
                0x08001e3c                I2C1_EV_IRQHandler
                0x08001e3c                DMA1_Stream6_IRQHandler
                0x08001e3c                DMA1_Stream1_IRQHandler
                0x08001e3c                UART4_IRQHandler
                0x08001e3c                TIM3_IRQHandler
                0x08001e3c                TIM8_BRK_TIM12_IRQHandler
                0x08001e3c                Default_Handler
                0x08001e3c                CEC_IRQHandler
                0x08001e3c                ADC_IRQHandler
                0x08001e3c                DMA1_Stream7_IRQHandler
                0x08001e3c                TIM7_IRQHandler
                0x08001e3c                CAN2_TX_IRQHandler
                0x08001e3c                TIM5_IRQHandler
                0x08001e3c                DMA2_Stream7_IRQHandler
                0x08001e3c                I2C3_EV_IRQHandler
                0x08001e3c                EXTI9_5_IRQHandler
                0x08001e3c                RTC_WKUP_IRQHandler
                0x08001e3c                SPDIF_RX_IRQHandler
                0x08001e3c                SPI2_IRQHandler
                0x08001e3c                OTG_HS_EP1_IN_IRQHandler
                0x08001e3c                MemManage_Handler
                0x08001e3c                DMA1_Stream0_IRQHandler
                0x08001e3c                CAN1_TX_IRQHandler
                0x08001e3c                SVC_Handler
                0x08001e3c                EXTI4_IRQHandler
                0x08001e3c                OTG_HS_EP1_OUT_IRQHandler
                0x08001e3c                WWDG_IRQHandler
                0x08001e3c                TIM2_IRQHandler
                0x08001e3c                OTG_FS_WKUP_IRQHandler
                0x08001e3c                TIM1_TRG_COM_TIM11_IRQHandler
                0x08001e3c                OTG_HS_IRQHandler
                0x08001e3c                EXTI1_IRQHandler
                0x08001e3c                USART2_IRQHandler
                0x08001e3c                I2C2_ER_IRQHandler
                0x08001e3c                DMA2_Stream1_IRQHandler
                0x08001e3c                CAN1_SCE_IRQHandler
                0x08001e3c                FLASH_IRQHandler
                0x08001e3c                DMA2_Stream4_IRQHandler
                0x08001e3c                BusFault_Handler
                0x08001e3c                USART1_IRQHandler
                0x08001e3c                OTG_FS_IRQHandler
                0x08001e3c                SPI3_IRQHandler
                0x08001e3c                DMA1_Stream4_IRQHandler
                0x08001e3c                I2C1_ER_IRQHandler
                0x08001e3c                FMC_IRQHandler
                0x08001e3c                DMA2_Stream6_IRQHandler
                0x08001e3c                SAI1_IRQHandler
                0x08001e3c                DMA1_Stream3_IRQHandler
                0x08001e3c                FMPI2C1_Error_IRQHandler
 *fill*         0x08001e3e        0x2 
 .text.__libc_init_array
                0x08001e40       0x4c /usr/local/gcc-arm-none-eabi-5_4-2016q3/bin/../lib/gcc/arm-none-eabi/5.4.1/../../../../arm-none-eabi/lib/armv7e-m/softfp/libc_nano.a(lib_a-init.o)
                0x08001e40                __libc_init_array
 .text.memset   0x08001e8c       0x10 /usr/local/gcc-arm-none-eabi-5_4-2016q3/bin/../lib/gcc/arm-none-eabi/5.4.1/../../../../arm-none-eabi/lib/armv7e-m/softfp/libc_nano.a(lib_a-memset.o)
                0x08001e8c                memset
 .text.printf   0x08001e9c       0x30 /usr/local/gcc-arm-none-eabi-5_4-2016q3/bin/../lib/gcc/arm-none-eabi/5.4.1/../../../../arm-none-eabi/lib/armv7e-m/softfp/libc_nano.a(lib_a-printf.o)
                0x08001e9c                printf
                0x08001e9c                iprintf
 .text._cleanup_r
                0x08001ecc        0xc /usr/local/gcc-arm-none-eabi-5_4-2016q3/bin/../lib/gcc/arm-none-eabi/5.4.1/../../../../arm-none-eabi/lib/armv7e-m/softfp/libc_nano.a(lib_a-findfp.o)
                0x08001ecc                _cleanup_r
 .text.std.isra.0
                0x08001ed8       0x48 /usr/local/gcc-arm-none-eabi-5_4-2016q3/bin/../lib/gcc/arm-none-eabi/5.4.1/../../../../arm-none-eabi/lib/armv7e-m/softfp/libc_nano.a(lib_a-findfp.o)
 .text.__sfmoreglue
                0x08001f20       0x2c /usr/local/gcc-arm-none-eabi-5_4-2016q3/bin/../lib/gcc/arm-none-eabi/5.4.1/../../../../arm-none-eabi/lib/armv7e-m/softfp/libc_nano.a(lib_a-findfp.o)
                0x08001f20                __sfmoreglue
 .text.__sinit  0x08001f4c       0x60 /usr/local/gcc-arm-none-eabi-5_4-2016q3/bin/../lib/gcc/arm-none-eabi/5.4.1/../../../../arm-none-eabi/lib/armv7e-m/softfp/libc_nano.a(lib_a-findfp.o)
                0x08001f4c                __sinit
 .text.__sfp    0x08001fac       0x78 /usr/local/gcc-arm-none-eabi-5_4-2016q3/bin/../lib/gcc/arm-none-eabi/5.4.1/../../../../arm-none-eabi/lib/armv7e-m/softfp/libc_nano.a(lib_a-findfp.o)
                0x08001fac                __sfp
 .text._fwalk_reent
                0x08002024       0x3c /usr/local/gcc-arm-none-eabi-5_4-2016q3/bin/../lib/gcc/arm-none-eabi/5.4.1/../../../../arm-none-eabi/lib/armv7e-m/softfp/libc_nano.a(lib_a-fwalk.o)
                0x08002024                _fwalk_reent
 .text._malloc_r
                0x08002060       0xbc /usr/local/gcc-arm-none-eabi-5_4-2016q3/bin/../lib/gcc/arm-none-eabi/5.4.1/../../../../arm-none-eabi/lib/armv7e-m/softfp/libc_nano.a(lib_a-nano-mallocr.o)
                0x08002060                _malloc_r
 .text.__sfputc_r
                0x0800211c       0x30 /usr/local/gcc-arm-none-eabi-5_4-2016q3/bin/../lib/gcc/arm-none-eabi/5.4.1/../../../../arm-none-eabi/lib/armv7e-m/softfp/libc_nano.a(lib_a-nano-vfprintf.o)
 .text.__sfputs_r
                0x0800214c       0x24 /usr/local/gcc-arm-none-eabi-5_4-2016q3/bin/../lib/gcc/arm-none-eabi/5.4.1/../../../../arm-none-eabi/lib/armv7e-m/softfp/libc_nano.a(lib_a-nano-vfprintf.o)
                0x0800214c                __sfputs_r
 .text._vfprintf_r
                0x08002170      0x238 /usr/local/gcc-arm-none-eabi-5_4-2016q3/bin/../lib/gcc/arm-none-eabi/5.4.1/../../../../arm-none-eabi/lib/armv7e-m/softfp/libc_nano.a(lib_a-nano-vfprintf.o)
                0x08002170                _vfiprintf_r
                0x08002170                _vfprintf_r
 .text._printf_common
                0x080023a8       0xec /usr/local/gcc-arm-none-eabi-5_4-2016q3/bin/../lib/gcc/arm-none-eabi/5.4.1/../../../../arm-none-eabi/lib/armv7e-m/softfp/libc_nano.a(lib_a-nano-vfprintf_i.o)
                0x080023a8                _printf_common
 .text._printf_i
                0x08002494      0x24c /usr/local/gcc-arm-none-eabi-5_4-2016q3/bin/../lib/gcc/arm-none-eabi/5.4.1/../../../../arm-none-eabi/lib/armv7e-m/softfp/libc_nano.a(lib_a-nano-vfprintf_i.o)
                0x08002494                _printf_i
 .text._sbrk_r  0x080026e0       0x20 /usr/local/gcc-arm-none-eabi-5_4-2016q3/bin/../lib/gcc/arm-none-eabi/5.4.1/../../../../arm-none-eabi/lib/armv7e-m/softfp/libc_nano.a(lib_a-sbrkr.o)
                0x080026e0                _sbrk_r
 .text.__sread  0x08002700       0x22 /usr/local/gcc-arm-none-eabi-5_4-2016q3/bin/../lib/gcc/arm-none-eabi/5.4.1/../../../../arm-none-eabi/lib/armv7e-m/softfp/libc_nano.a(lib_a-stdio.o)
                0x08002700                __sread
 .text.__swrite
                0x08002722       0x38 /usr/local/gcc-arm-none-eabi-5_4-2016q3/bin/../lib/gcc/arm-none-eabi/5.4.1/../../../../arm-none-eabi/lib/armv7e-m/softfp/libc_nano.a(lib_a-stdio.o)
                0x08002722                __swrite
 .text.__sseek  0x0800275a       0x24 /usr/local/gcc-arm-none-eabi-5_4-2016q3/bin/../lib/gcc/arm-none-eabi/5.4.1/../../../../arm-none-eabi/lib/armv7e-m/softfp/libc_nano.a(lib_a-stdio.o)
                0x0800275a                __sseek
 .text.__sclose
                0x0800277e        0x8 /usr/local/gcc-arm-none-eabi-5_4-2016q3/bin/../lib/gcc/arm-none-eabi/5.4.1/../../../../arm-none-eabi/lib/armv7e-m/softfp/libc_nano.a(lib_a-stdio.o)
                0x0800277e                __sclose
 *fill*         0x08002786        0x2 
 .text.__swbuf_r
                0x08002788       0xa8 /usr/local/gcc-arm-none-eabi-5_4-2016q3/bin/../lib/gcc/arm-none-eabi/5.4.1/../../../../arm-none-eabi/lib/armv7e-m/softfp/libc_nano.a(lib_a-wbuf.o)
                0x08002788                __swbuf_r
 .text._write_r
                0x08002830       0x24 /usr/local/gcc-arm-none-eabi-5_4-2016q3/bin/../lib/gcc/arm-none-eabi/5.4.1/../../../../arm-none-eabi/lib/armv7e-m/softfp/libc_nano.a(lib_a-writer.o)
                0x08002830                _write_r
 .text.__swsetup_r
                0x08002854       0xdc /usr/local/gcc-arm-none-eabi-5_4-2016q3/bin/../lib/gcc/arm-none-eabi/5.4.1/../../../../arm-none-eabi/lib/armv7e-m/softfp/libc_nano.a(lib_a-wsetup.o)
                0x08002854                __swsetup_r
 .text._close_r
                0x08002930       0x20 /usr/local/gcc-arm-none-eabi-5_4-2016q3/bin/../lib/gcc/arm-none-eabi/5.4.1/../../../../arm-none-eabi/lib/armv7e-m/softfp/libc_nano.a(lib_a-closer.o)
                0x08002930                _close_r
 .text.__sflush_r
                0x08002950      0x110 /usr/local/gcc-arm-none-eabi-5_4-2016q3/bin/../lib/gcc/arm-none-eabi/5.4.1/../../../../arm-none-eabi/lib/armv7e-m/softfp/libc_nano.a(lib_a-fflush.o)
                0x08002950                __sflush_r
 .text._fflush_r
                0x08002a60       0x54 /usr/local/gcc-arm-none-eabi-5_4-2016q3/bin/../lib/gcc/arm-none-eabi/5.4.1/../../../../arm-none-eabi/lib/armv7e-m/softfp/libc_nano.a(lib_a-fflush.o)
                0x08002a60                _fflush_r
 .text._lseek_r
                0x08002ab4       0x24 /usr/local/gcc-arm-none-eabi-5_4-2016q3/bin/../lib/gcc/arm-none-eabi/5.4.1/../../../../arm-none-eabi/lib/armv7e-m/softfp/libc_nano.a(lib_a-lseekr.o)
                0x08002ab4                _lseek_r
 .text.__swhatbuf_r
                0x08002ad8       0x46 /usr/local/gcc-arm-none-eabi-5_4-2016q3/bin/../lib/gcc/arm-none-eabi/5.4.1/../../../../arm-none-eabi/lib/armv7e-m/softfp/libc_nano.a(lib_a-makebuf.o)
                0x08002ad8                __swhatbuf_r
 *fill*         0x08002b1e        0x2 
 .text.__smakebuf_r
                0x08002b20       0x78 /usr/local/gcc-arm-none-eabi-5_4-2016q3/bin/../lib/gcc/arm-none-eabi/5.4.1/../../../../arm-none-eabi/lib/armv7e-m/softfp/libc_nano.a(lib_a-makebuf.o)
                0x08002b20                __smakebuf_r
 .text.__malloc_lock
                0x08002b98        0x2 /usr/local/gcc-arm-none-eabi-5_4-2016q3/bin/../lib/gcc/arm-none-eabi/5.4.1/../../../../arm-none-eabi/lib/armv7e-m/softfp/libc_nano.a(lib_a-mlock.o)
                0x08002b98                __malloc_lock
 .text.__malloc_unlock
                0x08002b9a        0x2 /usr/local/gcc-arm-none-eabi-5_4-2016q3/bin/../lib/gcc/arm-none-eabi/5.4.1/../../../../arm-none-eabi/lib/armv7e-m/softfp/libc_nano.a(lib_a-mlock.o)
                0x08002b9a                __malloc_unlock
 .text._free_r  0x08002b9c       0x9c /usr/local/gcc-arm-none-eabi-5_4-2016q3/bin/../lib/gcc/arm-none-eabi/5.4.1/../../../../arm-none-eabi/lib/armv7e-m/softfp/libc_nano.a(lib_a-nano-freer.o)
                0x08002b9c                _free_r
 .text._read_r  0x08002c38       0x24 /usr/local/gcc-arm-none-eabi-5_4-2016q3/bin/../lib/gcc/arm-none-eabi/5.4.1/../../../../arm-none-eabi/lib/armv7e-m/softfp/libc_nano.a(lib_a-readr.o)
                0x08002c38                _read_r
 .text._fstat_r
                0x08002c5c       0x24 /usr/local/gcc-arm-none-eabi-5_4-2016q3/bin/../lib/gcc/arm-none-eabi/5.4.1/../../../../arm-none-eabi/lib/armv7e-m/softfp/libc_nano.a(lib_a-fstatr.o)
                0x08002c5c                _fstat_r
 .text._isatty_r
                0x08002c80       0x20 /usr/local/gcc-arm-none-eabi-5_4-2016q3/bin/../lib/gcc/arm-none-eabi/5.4.1/../../../../arm-none-eabi/lib/armv7e-m/softfp/libc_nano.a(lib_a-isattyr.o)
                0x08002c80                _isatty_r
 .text._close   0x08002ca0       0x10 /usr/local/gcc-arm-none-eabi-5_4-2016q3/bin/../lib/gcc/arm-none-eabi/5.4.1/../../../../arm-none-eabi/lib/armv7e-m/softfp/libnosys.a(close.o)
                0x08002ca0                _close
 .text._fstat   0x08002cb0       0x10 /usr/local/gcc-arm-none-eabi-5_4-2016q3/bin/../lib/gcc/arm-none-eabi/5.4.1/../../../../arm-none-eabi/lib/armv7e-m/softfp/libnosys.a(fstat.o)
                0x08002cb0                _fstat
 .text._isatty  0x08002cc0       0x10 /usr/local/gcc-arm-none-eabi-5_4-2016q3/bin/../lib/gcc/arm-none-eabi/5.4.1/../../../../arm-none-eabi/lib/armv7e-m/softfp/libnosys.a(isatty.o)
                0x08002cc0                _isatty
 .text._lseek   0x08002cd0       0x10 /usr/local/gcc-arm-none-eabi-5_4-2016q3/bin/../lib/gcc/arm-none-eabi/5.4.1/../../../../arm-none-eabi/lib/armv7e-m/softfp/libnosys.a(lseek.o)
                0x08002cd0                _lseek
 .text._read    0x08002ce0       0x10 /usr/local/gcc-arm-none-eabi-5_4-2016q3/bin/../lib/gcc/arm-none-eabi/5.4.1/../../../../arm-none-eabi/lib/armv7e-m/softfp/libnosys.a(read.o)
                0x08002ce0                _read
 .text._sbrk    0x08002cf0       0x1c /usr/local/gcc-arm-none-eabi-5_4-2016q3/bin/../lib/gcc/arm-none-eabi/5.4.1/../../../../arm-none-eabi/lib/armv7e-m/softfp/libnosys.a(sbrk.o)
                0x08002cf0                _sbrk
 .text._write   0x08002d0c       0x10 /usr/local/gcc-arm-none-eabi-5_4-2016q3/bin/../lib/gcc/arm-none-eabi/5.4.1/../../../../arm-none-eabi/lib/armv7e-m/softfp/libnosys.a(write.o)
                0x08002d0c                _write
 *(.glue_7)
 .glue_7        0x08002d1c        0x0 linker stubs
 *(.glue_7t)
 .glue_7t       0x08002d1c        0x0 linker stubs
 *(.eh_frame)
 .eh_frame      0x08002d1c        0x0 /usr/local/gcc-arm-none-eabi-5_4-2016q3/bin/../lib/gcc/arm-none-eabi/5.4.1/armv7e-m/softfp/crtbegin.o
 *(.init)
 .init          0x08002d1c        0x4 /usr/local/gcc-arm-none-eabi-5_4-2016q3/bin/../lib/gcc/arm-none-eabi/5.4.1/armv7e-m/softfp/crti.o
                0x08002d1c                _init
 .init          0x08002d20        0x8 /usr/local/gcc-arm-none-eabi-5_4-2016q3/bin/../lib/gcc/arm-none-eabi/5.4.1/armv7e-m/softfp/crtn.o
 *(.fini)
 .fini          0x08002d28        0x4 /usr/local/gcc-arm-none-eabi-5_4-2016q3/bin/../lib/gcc/arm-none-eabi/5.4.1/armv7e-m/softfp/crti.o
                0x08002d28                _fini
 .fini          0x08002d2c        0x8 /usr/local/gcc-arm-none-eabi-5_4-2016q3/bin/../lib/gcc/arm-none-eabi/5.4.1/armv7e-m/softfp/crtn.o
                0x08002d34                . = ALIGN (0x4)
                0x08002d34                _etext = .

.vfp11_veneer   0x08002d34        0x0
 .vfp11_veneer  0x08002d34        0x0 linker stubs

.v4_bx          0x08002d34        0x0
 .v4_bx         0x08002d34        0x0 linker stubs

.iplt           0x08002d34        0x0
 .iplt          0x08002d34        0x0 /usr/local/gcc-arm-none-eabi-5_4-2016q3/bin/../lib/gcc/arm-none-eabi/5.4.1/armv7e-m/softfp/crtbegin.o

.rodata         0x08002d34       0xc4
                0x08002d34                . = ALIGN (0x4)
 *(.rodata)
 *(.rodata*)
 .rodata.APBAHBPrescTable
                0x08002d34       0x10 build/stm32f4xx_hal_rcc.o
                0x08002d34                APBAHBPrescTable
 .rodata.str1.4
                0x08002d44       0x1c build/main.o
                                 0x1a (size before relaxing)
 .rodata._global_impure_ptr
                0x08002d60        0x4 /usr/local/gcc-arm-none-eabi-5_4-2016q3/bin/../lib/gcc/arm-none-eabi/5.4.1/../../../../arm-none-eabi/lib/armv7e-m/softfp/libc_nano.a(lib_a-impure.o)
                0x08002d60                _global_impure_ptr
 .rodata.__sf_fake_stdin
                0x08002d64       0x20 /usr/local/gcc-arm-none-eabi-5_4-2016q3/bin/../lib/gcc/arm-none-eabi/5.4.1/../../../../arm-none-eabi/lib/armv7e-m/softfp/libc_nano.a(lib_a-findfp.o)
                0x08002d64                __sf_fake_stdin
 .rodata.__sf_fake_stdout
                0x08002d84       0x20 /usr/local/gcc-arm-none-eabi-5_4-2016q3/bin/../lib/gcc/arm-none-eabi/5.4.1/../../../../arm-none-eabi/lib/armv7e-m/softfp/libc_nano.a(lib_a-findfp.o)
                0x08002d84                __sf_fake_stdout
 .rodata.__sf_fake_stderr
                0x08002da4       0x20 /usr/local/gcc-arm-none-eabi-5_4-2016q3/bin/../lib/gcc/arm-none-eabi/5.4.1/../../../../arm-none-eabi/lib/armv7e-m/softfp/libc_nano.a(lib_a-findfp.o)
                0x08002da4                __sf_fake_stderr
 .rodata.str1.1
                0x08002dc4       0x11 /usr/local/gcc-arm-none-eabi-5_4-2016q3/bin/../lib/gcc/arm-none-eabi/5.4.1/../../../../arm-none-eabi/lib/armv7e-m/softfp/libc_nano.a(lib_a-nano-vfprintf.o)
 .rodata.str1.1
                0x08002dd5       0x22 /usr/local/gcc-arm-none-eabi-5_4-2016q3/bin/../lib/gcc/arm-none-eabi/5.4.1/../../../../arm-none-eabi/lib/armv7e-m/softfp/libc_nano.a(lib_a-nano-vfprintf_i.o)
                0x08002df8                . = ALIGN (0x4)
 *fill*         0x08002df7        0x1 

.rel.dyn        0x08002df8        0x0
 .rel.iplt      0x08002df8        0x0 /usr/local/gcc-arm-none-eabi-5_4-2016q3/bin/../lib/gcc/arm-none-eabi/5.4.1/armv7e-m/softfp/crtbegin.o

.ARM.extab
 *(.ARM.extab* .gnu.linkonce.armextab.*)

.ARM            0x08002df8        0x0
                0x08002df8                __exidx_start = .
 *(.ARM.exidx*)
                0x08002df8                __exidx_end = .

.preinit_array  0x08002df8        0x0
                0x08002df8                PROVIDE (__preinit_array_start, .)
 *(.preinit_array*)
                0x08002df8                PROVIDE (__preinit_array_end, .)

.init_array     0x08002df8        0x4
                0x08002df8                PROVIDE (__init_array_start, .)
 *(SORT(.init_array.*))
 *(.init_array*)
 .init_array    0x08002df8        0x4 /usr/local/gcc-arm-none-eabi-5_4-2016q3/bin/../lib/gcc/arm-none-eabi/5.4.1/armv7e-m/softfp/crtbegin.o
                0x08002dfc                PROVIDE (__init_array_end, .)

.fini_array     0x08002dfc        0x4
                [!provide]                PROVIDE (__fini_array_start, .)
 *(SORT(.fini_array.*))
 *(.fini_array*)
 .fini_array    0x08002dfc        0x4 /usr/local/gcc-arm-none-eabi-5_4-2016q3/bin/../lib/gcc/arm-none-eabi/5.4.1/armv7e-m/softfp/crtbegin.o
                [!provide]                PROVIDE (__fini_array_end, .)
                0x08002e00                _sidata = LOADADDR (.data)

.data           0x20000000       0x6c load address 0x08002e00
                0x20000000                . = ALIGN (0x4)
                0x20000000                _sdata = .
 *(.data)
 *(.data*)
 .data.value    0x20000000        0x4 build/main.o
                0x20000000                value
 .data.SystemCoreClock
                0x20000004        0x4 build/system_stm32f4xx.o
                0x20000004                SystemCoreClock
 .data.impure_data
                0x20000008       0x60 /usr/local/gcc-arm-none-eabi-5_4-2016q3/bin/../lib/gcc/arm-none-eabi/5.4.1/../../../../arm-none-eabi/lib/armv7e-m/softfp/libc_nano.a(lib_a-impure.o)
 .data._impure_ptr
                0x20000068        0x4 /usr/local/gcc-arm-none-eabi-5_4-2016q3/bin/../lib/gcc/arm-none-eabi/5.4.1/../../../../arm-none-eabi/lib/armv7e-m/softfp/libc_nano.a(lib_a-impure.o)
                0x20000068                _impure_ptr
                0x2000006c                . = ALIGN (0x4)
                0x2000006c                _edata = .

.jcr            0x2000006c        0x0 load address 0x08002e6c
 .jcr           0x2000006c        0x0 /usr/local/gcc-arm-none-eabi-5_4-2016q3/bin/../lib/gcc/arm-none-eabi/5.4.1/armv7e-m/softfp/crtbegin.o

.igot.plt       0x2000006c        0x0 load address 0x08002e6c
 .igot.plt      0x2000006c        0x0 /usr/local/gcc-arm-none-eabi-5_4-2016q3/bin/../lib/gcc/arm-none-eabi/5.4.1/armv7e-m/softfp/crtbegin.o
                0x2000006c                . = ALIGN (0x4)

.bss            0x2000006c      0x110 load address 0x08002e6c
                0x2000006c                _sbss = .
                0x2000006c                __bss_start__ = _sbss
 *(.bss)
 .bss           0x2000006c       0x1c /usr/local/gcc-arm-none-eabi-5_4-2016q3/bin/../lib/gcc/arm-none-eabi/5.4.1/armv7e-m/softfp/crtbegin.o
 *(.bss*)
 .bss.__malloc_sbrk_start
                0x20000088        0x4 /usr/local/gcc-arm-none-eabi-5_4-2016q3/bin/../lib/gcc/arm-none-eabi/5.4.1/../../../../arm-none-eabi/lib/armv7e-m/softfp/libc_nano.a(lib_a-nano-mallocr.o)
                0x20000088                __malloc_sbrk_start
 .bss.__malloc_free_list
                0x2000008c        0x4 /usr/local/gcc-arm-none-eabi-5_4-2016q3/bin/../lib/gcc/arm-none-eabi/5.4.1/../../../../arm-none-eabi/lib/armv7e-m/softfp/libc_nano.a(lib_a-nano-mallocr.o)
                0x2000008c                __malloc_free_list
 .bss.heap_end.4169
                0x20000090        0x4 /usr/local/gcc-arm-none-eabi-5_4-2016q3/bin/../lib/gcc/arm-none-eabi/5.4.1/../../../../arm-none-eabi/lib/armv7e-m/softfp/libnosys.a(sbrk.o)
 *(COMMON)
 COMMON         0x20000094        0x4 build/stm32f4xx_hal.o
                0x20000094                uwTick
 COMMON         0x20000098       0xde build/main.o
                0x20000098                newDutyCycle
                0x2000009c                htim4
                0x200000d8                hadc1
                0x20000120                ADC_raw
                0x20000130                adcIndex
                0x20000134                huart2
                0x20000174                oldDutyCycle
 *fill*         0x20000176        0x2 
 COMMON         0x20000178        0x4 /usr/local/gcc-arm-none-eabi-5_4-2016q3/bin/../lib/gcc/arm-none-eabi/5.4.1/../../../../arm-none-eabi/lib/armv7e-m/softfp/libc_nano.a(lib_a-reent.o)
                0x20000178                errno
                0x2000017c                . = ALIGN (0x4)
                0x2000017c                _ebss = .
                0x2000017c                __bss_end__ = _ebss

._user_heap_stack
                0x2000017c      0x604 load address 0x08002e6c
                0x20000180                . = ALIGN (0x8)
 *fill*         0x2000017c        0x4 
                0x20000180                PROVIDE (end, .)
                [!provide]                PROVIDE (_end, .)
                0x20000380                . = (. + _Min_Heap_Size)
 *fill*         0x20000180      0x200 
                0x20000780                . = (. + _Min_Stack_Size)
 *fill*         0x20000380      0x400 
                0x20000780                . = ALIGN (0x8)

/DISCARD/
 libc.a(*)
 libm.a(*)
 libgcc.a(*)

.ARM.attributes
                0x00000000       0x2e
 *(.ARM.attributes)
 .ARM.attributes
                0x00000000       0x22 /usr/local/gcc-arm-none-eabi-5_4-2016q3/bin/../lib/gcc/arm-none-eabi/5.4.1/armv7e-m/softfp/crti.o
 .ARM.attributes
                0x00000022       0x32 /usr/local/gcc-arm-none-eabi-5_4-2016q3/bin/../lib/gcc/arm-none-eabi/5.4.1/armv7e-m/softfp/crtbegin.o
 .ARM.attributes
                0x00000054       0x37 build/stm32f4xx_hal.o
 .ARM.attributes
                0x0000008b       0x37 build/stm32f4xx_hal_adc.o
 .ARM.attributes
                0x000000c2       0x37 build/stm32f4xx_hal_cortex.o
 .ARM.attributes
                0x000000f9       0x37 build/stm32f4xx_hal_gpio.o
 .ARM.attributes
                0x00000130       0x37 build/stm32f4xx_hal_pwr_ex.o
 .ARM.attributes
                0x00000167       0x37 build/stm32f4xx_hal_rcc.o
 .ARM.attributes
                0x0000019e       0x37 build/stm32f4xx_hal_rcc_ex.o
 .ARM.attributes
                0x000001d5       0x37 build/stm32f4xx_hal_tim.o
 .ARM.attributes
                0x0000020c       0x37 build/stm32f4xx_hal_tim_ex.o
 .ARM.attributes
                0x00000243       0x37 build/stm32f4xx_hal_uart.o
 .ARM.attributes
                0x0000027a       0x37 build/main.o
 .ARM.attributes
                0x000002b1       0x37 build/stm32f4xx_hal_msp.o
 .ARM.attributes
                0x000002e8       0x37 build/stm32f4xx_it.o
 .ARM.attributes
                0x0000031f       0x37 build/system_stm32f4xx.o
 .ARM.attributes
                0x00000356       0x21 build/startup_stm32f446xx.o
 .ARM.attributes
                0x00000377       0x32 /usr/local/gcc-arm-none-eabi-5_4-2016q3/bin/../lib/gcc/arm-none-eabi/5.4.1/../../../../arm-none-eabi/lib/armv7e-m/softfp/libc_nano.a(lib_a-impure.o)
 .ARM.attributes
                0x000003a9       0x32 /usr/local/gcc-arm-none-eabi-5_4-2016q3/bin/../lib/gcc/arm-none-eabi/5.4.1/../../../../arm-none-eabi/lib/armv7e-m/softfp/libc_nano.a(lib_a-init.o)
 .ARM.attributes
                0x000003db       0x32 /usr/local/gcc-arm-none-eabi-5_4-2016q3/bin/../lib/gcc/arm-none-eabi/5.4.1/../../../../arm-none-eabi/lib/armv7e-m/softfp/libc_nano.a(lib_a-memset.o)
 .ARM.attributes
                0x0000040d       0x32 /usr/local/gcc-arm-none-eabi-5_4-2016q3/bin/../lib/gcc/arm-none-eabi/5.4.1/../../../../arm-none-eabi/lib/armv7e-m/softfp/libc_nano.a(lib_a-printf.o)
 .ARM.attributes
                0x0000043f       0x32 /usr/local/gcc-arm-none-eabi-5_4-2016q3/bin/../lib/gcc/arm-none-eabi/5.4.1/../../../../arm-none-eabi/lib/armv7e-m/softfp/libc_nano.a(lib_a-findfp.o)
 .ARM.attributes
                0x00000471       0x32 /usr/local/gcc-arm-none-eabi-5_4-2016q3/bin/../lib/gcc/arm-none-eabi/5.4.1/../../../../arm-none-eabi/lib/armv7e-m/softfp/libc_nano.a(lib_a-fwalk.o)
 .ARM.attributes
                0x000004a3       0x32 /usr/local/gcc-arm-none-eabi-5_4-2016q3/bin/../lib/gcc/arm-none-eabi/5.4.1/../../../../arm-none-eabi/lib/armv7e-m/softfp/libc_nano.a(lib_a-nano-mallocr.o)
 .ARM.attributes
                0x000004d5       0x32 /usr/local/gcc-arm-none-eabi-5_4-2016q3/bin/../lib/gcc/arm-none-eabi/5.4.1/../../../../arm-none-eabi/lib/armv7e-m/softfp/libc_nano.a(lib_a-nano-vfprintf.o)
 .ARM.attributes
                0x00000507       0x32 /usr/local/gcc-arm-none-eabi-5_4-2016q3/bin/../lib/gcc/arm-none-eabi/5.4.1/../../../../arm-none-eabi/lib/armv7e-m/softfp/libc_nano.a(lib_a-nano-vfprintf_i.o)
 .ARM.attributes
                0x00000539       0x32 /usr/local/gcc-arm-none-eabi-5_4-2016q3/bin/../lib/gcc/arm-none-eabi/5.4.1/../../../../arm-none-eabi/lib/armv7e-m/softfp/libc_nano.a(lib_a-sbrkr.o)
 .ARM.attributes
                0x0000056b       0x32 /usr/local/gcc-arm-none-eabi-5_4-2016q3/bin/../lib/gcc/arm-none-eabi/5.4.1/../../../../arm-none-eabi/lib/armv7e-m/softfp/libc_nano.a(lib_a-stdio.o)
 .ARM.attributes
                0x0000059d       0x32 /usr/local/gcc-arm-none-eabi-5_4-2016q3/bin/../lib/gcc/arm-none-eabi/5.4.1/../../../../arm-none-eabi/lib/armv7e-m/softfp/libc_nano.a(lib_a-wbuf.o)
 .ARM.attributes
                0x000005cf       0x32 /usr/local/gcc-arm-none-eabi-5_4-2016q3/bin/../lib/gcc/arm-none-eabi/5.4.1/../../../../arm-none-eabi/lib/armv7e-m/softfp/libc_nano.a(lib_a-writer.o)
 .ARM.attributes
                0x00000601       0x32 /usr/local/gcc-arm-none-eabi-5_4-2016q3/bin/../lib/gcc/arm-none-eabi/5.4.1/../../../../arm-none-eabi/lib/armv7e-m/softfp/libc_nano.a(lib_a-wsetup.o)
 .ARM.attributes
                0x00000633       0x32 /usr/local/gcc-arm-none-eabi-5_4-2016q3/bin/../lib/gcc/arm-none-eabi/5.4.1/../../../../arm-none-eabi/lib/armv7e-m/softfp/libc_nano.a(lib_a-closer.o)
 .ARM.attributes
                0x00000665       0x32 /usr/local/gcc-arm-none-eabi-5_4-2016q3/bin/../lib/gcc/arm-none-eabi/5.4.1/../../../../arm-none-eabi/lib/armv7e-m/softfp/libc_nano.a(lib_a-fflush.o)
 .ARM.attributes
                0x00000697       0x32 /usr/local/gcc-arm-none-eabi-5_4-2016q3/bin/../lib/gcc/arm-none-eabi/5.4.1/../../../../arm-none-eabi/lib/armv7e-m/softfp/libc_nano.a(lib_a-lseekr.o)
 .ARM.attributes
                0x000006c9       0x32 /usr/local/gcc-arm-none-eabi-5_4-2016q3/bin/../lib/gcc/arm-none-eabi/5.4.1/../../../../arm-none-eabi/lib/armv7e-m/softfp/libc_nano.a(lib_a-makebuf.o)
 .ARM.attributes
                0x000006fb       0x20 /usr/local/gcc-arm-none-eabi-5_4-2016q3/bin/../lib/gcc/arm-none-eabi/5.4.1/../../../../arm-none-eabi/lib/armv7e-m/softfp/libc_nano.a(lib_a-memchr.o)
 .ARM.attributes
                0x0000071b       0x32 /usr/local/gcc-arm-none-eabi-5_4-2016q3/bin/../lib/gcc/arm-none-eabi/5.4.1/../../../../arm-none-eabi/lib/armv7e-m/softfp/libc_nano.a(lib_a-mlock.o)
 .ARM.attributes
                0x0000074d       0x32 /usr/local/gcc-arm-none-eabi-5_4-2016q3/bin/../lib/gcc/arm-none-eabi/5.4.1/../../../../arm-none-eabi/lib/armv7e-m/softfp/libc_nano.a(lib_a-nano-freer.o)
 .ARM.attributes
                0x0000077f       0x32 /usr/local/gcc-arm-none-eabi-5_4-2016q3/bin/../lib/gcc/arm-none-eabi/5.4.1/../../../../arm-none-eabi/lib/armv7e-m/softfp/libc_nano.a(lib_a-readr.o)
 .ARM.attributes
                0x000007b1       0x32 /usr/local/gcc-arm-none-eabi-5_4-2016q3/bin/../lib/gcc/arm-none-eabi/5.4.1/../../../../arm-none-eabi/lib/armv7e-m/softfp/libc_nano.a(lib_a-reent.o)
 .ARM.attributes
                0x000007e3       0x32 /usr/local/gcc-arm-none-eabi-5_4-2016q3/bin/../lib/gcc/arm-none-eabi/5.4.1/../../../../arm-none-eabi/lib/armv7e-m/softfp/libc_nano.a(lib_a-fstatr.o)
 .ARM.attributes
                0x00000815       0x32 /usr/local/gcc-arm-none-eabi-5_4-2016q3/bin/../lib/gcc/arm-none-eabi/5.4.1/../../../../arm-none-eabi/lib/armv7e-m/softfp/libc_nano.a(lib_a-isattyr.o)
 .ARM.attributes
                0x00000847       0x32 /usr/local/gcc-arm-none-eabi-5_4-2016q3/bin/../lib/gcc/arm-none-eabi/5.4.1/../../../../arm-none-eabi/lib/armv7e-m/softfp/libnosys.a(close.o)
 .ARM.attributes
                0x00000879       0x32 /usr/local/gcc-arm-none-eabi-5_4-2016q3/bin/../lib/gcc/arm-none-eabi/5.4.1/../../../../arm-none-eabi/lib/armv7e-m/softfp/libnosys.a(fstat.o)
 .ARM.attributes
                0x000008ab       0x32 /usr/local/gcc-arm-none-eabi-5_4-2016q3/bin/../lib/gcc/arm-none-eabi/5.4.1/../../../../arm-none-eabi/lib/armv7e-m/softfp/libnosys.a(isatty.o)
 .ARM.attributes
                0x000008dd       0x32 /usr/local/gcc-arm-none-eabi-5_4-2016q3/bin/../lib/gcc/arm-none-eabi/5.4.1/../../../../arm-none-eabi/lib/armv7e-m/softfp/libnosys.a(lseek.o)
 .ARM.attributes
                0x0000090f       0x32 /usr/local/gcc-arm-none-eabi-5_4-2016q3/bin/../lib/gcc/arm-none-eabi/5.4.1/../../../../arm-none-eabi/lib/armv7e-m/softfp/libnosys.a(read.o)
 .ARM.attributes
                0x00000941       0x32 /usr/local/gcc-arm-none-eabi-5_4-2016q3/bin/../lib/gcc/arm-none-eabi/5.4.1/../../../../arm-none-eabi/lib/armv7e-m/softfp/libnosys.a(sbrk.o)
 .ARM.attributes
                0x00000973       0x32 /usr/local/gcc-arm-none-eabi-5_4-2016q3/bin/../lib/gcc/arm-none-eabi/5.4.1/../../../../arm-none-eabi/lib/armv7e-m/softfp/libnosys.a(write.o)
 .ARM.attributes
                0x000009a5       0x22 /usr/local/gcc-arm-none-eabi-5_4-2016q3/bin/../lib/gcc/arm-none-eabi/5.4.1/armv7e-m/softfp/crtn.o
OUTPUT(build/Nucleo.elf elf32-littlearm)

.comment        0x00000000       0x6e
 .comment       0x00000000       0x6e build/stm32f4xx_hal.o
                                 0x6f (size before relaxing)
 .comment       0x0000006e       0x6f build/stm32f4xx_hal_adc.o
 .comment       0x0000006e       0x6f build/stm32f4xx_hal_cortex.o
 .comment       0x0000006e       0x6f build/stm32f4xx_hal_gpio.o
 .comment       0x0000006e       0x6f build/stm32f4xx_hal_pwr_ex.o
 .comment       0x0000006e       0x6f build/stm32f4xx_hal_rcc.o
 .comment       0x0000006e       0x6f build/stm32f4xx_hal_rcc_ex.o
 .comment       0x0000006e       0x6f build/stm32f4xx_hal_tim.o
 .comment       0x0000006e       0x6f build/stm32f4xx_hal_tim_ex.o
 .comment       0x0000006e       0x6f build/stm32f4xx_hal_uart.o
 .comment       0x0000006e       0x6f build/main.o
 .comment       0x0000006e       0x6f build/stm32f4xx_hal_msp.o
 .comment       0x0000006e       0x6f build/stm32f4xx_it.o
 .comment       0x0000006e       0x6f build/system_stm32f4xx.o

.debug_frame    0x00000000      0x7f0
 .debug_frame   0x00000000       0x2c /usr/local/gcc-arm-none-eabi-5_4-2016q3/bin/../lib/gcc/arm-none-eabi/5.4.1/../../../../arm-none-eabi/lib/armv7e-m/softfp/libc_nano.a(lib_a-init.o)
 .debug_frame   0x0000002c       0x20 /usr/local/gcc-arm-none-eabi-5_4-2016q3/bin/../lib/gcc/arm-none-eabi/5.4.1/../../../../arm-none-eabi/lib/armv7e-m/softfp/libc_nano.a(lib_a-memset.o)
 .debug_frame   0x0000004c       0x74 /usr/local/gcc-arm-none-eabi-5_4-2016q3/bin/../lib/gcc/arm-none-eabi/5.4.1/../../../../arm-none-eabi/lib/armv7e-m/softfp/libc_nano.a(lib_a-printf.o)
 .debug_frame   0x000000c0      0x11c /usr/local/gcc-arm-none-eabi-5_4-2016q3/bin/../lib/gcc/arm-none-eabi/5.4.1/../../../../arm-none-eabi/lib/armv7e-m/softfp/libc_nano.a(lib_a-findfp.o)
 .debug_frame   0x000001dc       0x54 /usr/local/gcc-arm-none-eabi-5_4-2016q3/bin/../lib/gcc/arm-none-eabi/5.4.1/../../../../arm-none-eabi/lib/armv7e-m/softfp/libc_nano.a(lib_a-fwalk.o)
 .debug_frame   0x00000230       0x2c /usr/local/gcc-arm-none-eabi-5_4-2016q3/bin/../lib/gcc/arm-none-eabi/5.4.1/../../../../arm-none-eabi/lib/armv7e-m/softfp/libc_nano.a(lib_a-nano-mallocr.o)
 .debug_frame   0x0000025c       0xac /usr/local/gcc-arm-none-eabi-5_4-2016q3/bin/../lib/gcc/arm-none-eabi/5.4.1/../../../../arm-none-eabi/lib/armv7e-m/softfp/libc_nano.a(lib_a-nano-vfprintf.o)
 .debug_frame   0x00000308       0x60 /usr/local/gcc-arm-none-eabi-5_4-2016q3/bin/../lib/gcc/arm-none-eabi/5.4.1/../../../../arm-none-eabi/lib/armv7e-m/softfp/libc_nano.a(lib_a-nano-vfprintf_i.o)
 .debug_frame   0x00000368       0x2c /usr/local/gcc-arm-none-eabi-5_4-2016q3/bin/../lib/gcc/arm-none-eabi/5.4.1/../../../../arm-none-eabi/lib/armv7e-m/softfp/libc_nano.a(lib_a-sbrkr.o)
 .debug_frame   0x00000394       0x88 /usr/local/gcc-arm-none-eabi-5_4-2016q3/bin/../lib/gcc/arm-none-eabi/5.4.1/../../../../arm-none-eabi/lib/armv7e-m/softfp/libc_nano.a(lib_a-stdio.o)
 .debug_frame   0x0000041c       0x40 /usr/local/gcc-arm-none-eabi-5_4-2016q3/bin/../lib/gcc/arm-none-eabi/5.4.1/../../../../arm-none-eabi/lib/armv7e-m/softfp/libc_nano.a(lib_a-wbuf.o)
 .debug_frame   0x0000045c       0x2c /usr/local/gcc-arm-none-eabi-5_4-2016q3/bin/../lib/gcc/arm-none-eabi/5.4.1/../../../../arm-none-eabi/lib/armv7e-m/softfp/libc_nano.a(lib_a-writer.o)
 .debug_frame   0x00000488       0x2c /usr/local/gcc-arm-none-eabi-5_4-2016q3/bin/../lib/gcc/arm-none-eabi/5.4.1/../../../../arm-none-eabi/lib/armv7e-m/softfp/libc_nano.a(lib_a-wsetup.o)
 .debug_frame   0x000004b4       0x2c /usr/local/gcc-arm-none-eabi-5_4-2016q3/bin/../lib/gcc/arm-none-eabi/5.4.1/../../../../arm-none-eabi/lib/armv7e-m/softfp/libc_nano.a(lib_a-closer.o)
 .debug_frame   0x000004e0       0x68 /usr/local/gcc-arm-none-eabi-5_4-2016q3/bin/../lib/gcc/arm-none-eabi/5.4.1/../../../../arm-none-eabi/lib/armv7e-m/softfp/libc_nano.a(lib_a-fflush.o)
 .debug_frame   0x00000548       0x2c /usr/local/gcc-arm-none-eabi-5_4-2016q3/bin/../lib/gcc/arm-none-eabi/5.4.1/../../../../arm-none-eabi/lib/armv7e-m/softfp/libc_nano.a(lib_a-lseekr.o)
 .debug_frame   0x00000574       0x54 /usr/local/gcc-arm-none-eabi-5_4-2016q3/bin/../lib/gcc/arm-none-eabi/5.4.1/../../../../arm-none-eabi/lib/armv7e-m/softfp/libc_nano.a(lib_a-makebuf.o)
 .debug_frame   0x000005c8       0x30 /usr/local/gcc-arm-none-eabi-5_4-2016q3/bin/../lib/gcc/arm-none-eabi/5.4.1/../../../../arm-none-eabi/lib/armv7e-m/softfp/libc_nano.a(lib_a-mlock.o)
 .debug_frame   0x000005f8       0x38 /usr/local/gcc-arm-none-eabi-5_4-2016q3/bin/../lib/gcc/arm-none-eabi/5.4.1/../../../../arm-none-eabi/lib/armv7e-m/softfp/libc_nano.a(lib_a-nano-freer.o)
 .debug_frame   0x00000630       0x2c /usr/local/gcc-arm-none-eabi-5_4-2016q3/bin/../lib/gcc/arm-none-eabi/5.4.1/../../../../arm-none-eabi/lib/armv7e-m/softfp/libc_nano.a(lib_a-readr.o)
 .debug_frame   0x0000065c       0x5c /usr/local/gcc-arm-none-eabi-5_4-2016q3/bin/../lib/gcc/arm-none-eabi/5.4.1/../../../../arm-none-eabi/lib/armv7e-m/softfp/libc_nano.a(lib_a-reent.o)
 .debug_frame   0x000006b8       0x2c /usr/local/gcc-arm-none-eabi-5_4-2016q3/bin/../lib/gcc/arm-none-eabi/5.4.1/../../../../arm-none-eabi/lib/armv7e-m/softfp/libc_nano.a(lib_a-fstatr.o)
 .debug_frame   0x000006e4       0x2c /usr/local/gcc-arm-none-eabi-5_4-2016q3/bin/../lib/gcc/arm-none-eabi/5.4.1/../../../../arm-none-eabi/lib/armv7e-m/softfp/libc_nano.a(lib_a-isattyr.o)
 .debug_frame   0x00000710       0x20 /usr/local/gcc-arm-none-eabi-5_4-2016q3/bin/../lib/gcc/arm-none-eabi/5.4.1/../../../../arm-none-eabi/lib/armv7e-m/softfp/libnosys.a(close.o)
 .debug_frame   0x00000730       0x20 /usr/local/gcc-arm-none-eabi-5_4-2016q3/bin/../lib/gcc/arm-none-eabi/5.4.1/../../../../arm-none-eabi/lib/armv7e-m/softfp/libnosys.a(fstat.o)
 .debug_frame   0x00000750       0x20 /usr/local/gcc-arm-none-eabi-5_4-2016q3/bin/../lib/gcc/arm-none-eabi/5.4.1/../../../../arm-none-eabi/lib/armv7e-m/softfp/libnosys.a(isatty.o)
 .debug_frame   0x00000770       0x20 /usr/local/gcc-arm-none-eabi-5_4-2016q3/bin/../lib/gcc/arm-none-eabi/5.4.1/../../../../arm-none-eabi/lib/armv7e-m/softfp/libnosys.a(lseek.o)
 .debug_frame   0x00000790       0x20 /usr/local/gcc-arm-none-eabi-5_4-2016q3/bin/../lib/gcc/arm-none-eabi/5.4.1/../../../../arm-none-eabi/lib/armv7e-m/softfp/libnosys.a(read.o)
 .debug_frame   0x000007b0       0x20 /usr/local/gcc-arm-none-eabi-5_4-2016q3/bin/../lib/gcc/arm-none-eabi/5.4.1/../../../../arm-none-eabi/lib/armv7e-m/softfp/libnosys.a(sbrk.o)
 .debug_frame   0x000007d0       0x20 /usr/local/gcc-arm-none-eabi-5_4-2016q3/bin/../lib/gcc/arm-none-eabi/5.4.1/../../../../arm-none-eabi/lib/armv7e-m/softfp/libnosys.a(write.o)

.stab           0x00000000       0x9c
 .stab          0x00000000       0x24 /usr/local/gcc-arm-none-eabi-5_4-2016q3/bin/../lib/gcc/arm-none-eabi/5.4.1/../../../../arm-none-eabi/lib/armv7e-m/softfp/libnosys.a(close.o)
 .stab          0x00000024       0x18 /usr/local/gcc-arm-none-eabi-5_4-2016q3/bin/../lib/gcc/arm-none-eabi/5.4.1/../../../../arm-none-eabi/lib/armv7e-m/softfp/libnosys.a(fstat.o)
                                 0x24 (size before relaxing)
 .stab          0x0000003c       0x18 /usr/local/gcc-arm-none-eabi-5_4-2016q3/bin/../lib/gcc/arm-none-eabi/5.4.1/../../../../arm-none-eabi/lib/armv7e-m/softfp/libnosys.a(isatty.o)
                                 0x24 (size before relaxing)
 .stab          0x00000054       0x18 /usr/local/gcc-arm-none-eabi-5_4-2016q3/bin/../lib/gcc/arm-none-eabi/5.4.1/../../../../arm-none-eabi/lib/armv7e-m/softfp/libnosys.a(lseek.o)
                                 0x24 (size before relaxing)
 .stab          0x0000006c       0x18 /usr/local/gcc-arm-none-eabi-5_4-2016q3/bin/../lib/gcc/arm-none-eabi/5.4.1/../../../../arm-none-eabi/lib/armv7e-m/softfp/libnosys.a(read.o)
                                 0x24 (size before relaxing)
 .stab          0x00000084       0x18 /usr/local/gcc-arm-none-eabi-5_4-2016q3/bin/../lib/gcc/arm-none-eabi/5.4.1/../../../../arm-none-eabi/lib/armv7e-m/softfp/libnosys.a(write.o)
                                 0x24 (size before relaxing)

.stabstr        0x00000000      0x14d
 .stabstr       0x00000000      0x14d /usr/local/gcc-arm-none-eabi-5_4-2016q3/bin/../lib/gcc/arm-none-eabi/5.4.1/../../../../arm-none-eabi/lib/armv7e-m/softfp/libnosys.a(close.o)

Cross Reference Table

Symbol                                            File
ADC_IRQHandler                                    build/startup_stm32f446xx.o
ADC_raw                                           build/main.o
AHBPrescTable                                     build/system_stm32f4xx.o
APBAHBPrescTable                                  build/stm32f4xx_hal_rcc.o
APBPrescTable                                     build/system_stm32f4xx.o
BusFault_Handler                                  build/startup_stm32f446xx.o
CAN1_RX0_IRQHandler                               build/startup_stm32f446xx.o
CAN1_RX1_IRQHandler                               build/startup_stm32f446xx.o
CAN1_SCE_IRQHandler                               build/startup_stm32f446xx.o
CAN1_TX_IRQHandler                                build/startup_stm32f446xx.o
CAN2_RX0_IRQHandler                               build/startup_stm32f446xx.o
CAN2_RX1_IRQHandler                               build/startup_stm32f446xx.o
CAN2_SCE_IRQHandler                               build/startup_stm32f446xx.o
CAN2_TX_IRQHandler                                build/startup_stm32f446xx.o
CEC_IRQHandler                                    build/startup_stm32f446xx.o
DCMI_IRQHandler                                   build/startup_stm32f446xx.o
DMA1_Stream0_IRQHandler                           build/startup_stm32f446xx.o
DMA1_Stream1_IRQHandler                           build/startup_stm32f446xx.o
DMA1_Stream2_IRQHandler                           build/startup_stm32f446xx.o
DMA1_Stream3_IRQHandler                           build/startup_stm32f446xx.o
DMA1_Stream4_IRQHandler                           build/startup_stm32f446xx.o
DMA1_Stream5_IRQHandler                           build/startup_stm32f446xx.o
DMA1_Stream6_IRQHandler                           build/startup_stm32f446xx.o
DMA1_Stream7_IRQHandler                           build/startup_stm32f446xx.o
DMA2_Stream0_IRQHandler                           build/startup_stm32f446xx.o
DMA2_Stream1_IRQHandler                           build/startup_stm32f446xx.o
DMA2_Stream2_IRQHandler                           build/startup_stm32f446xx.o
DMA2_Stream3_IRQHandler                           build/startup_stm32f446xx.o
DMA2_Stream4_IRQHandler                           build/startup_stm32f446xx.o
DMA2_Stream5_IRQHandler                           build/startup_stm32f446xx.o
DMA2_Stream6_IRQHandler                           build/startup_stm32f446xx.o
DMA2_Stream7_IRQHandler                           build/startup_stm32f446xx.o
DebugMon_Handler                                  build/startup_stm32f446xx.o
Default_Handler                                   build/startup_stm32f446xx.o
Drive_Back                                        build/functions.o
Drive_Forward                                     build/functions.o
Drive_Left                                        build/functions.o
Drive_Right                                       build/functions.o
EXTI0_IRQHandler                                  build/startup_stm32f446xx.o
EXTI15_10_IRQHandler                              build/stm32f4xx_it.o
EXTI1_IRQHandler                                  build/startup_stm32f446xx.o
EXTI2_IRQHandler                                  build/startup_stm32f446xx.o
EXTI3_IRQHandler                                  build/startup_stm32f446xx.o
EXTI4_IRQHandler                                  build/startup_stm32f446xx.o
EXTI9_5_IRQHandler                                build/startup_stm32f446xx.o
Error_Handler                                     build/main.o
FLASH_Erase_Sector                                build/stm32f4xx_hal_flash_ex.o
                                                  build/stm32f4xx_hal_flash.o
FLASH_FlushCaches                                 build/stm32f4xx_hal_flash_ex.o
                                                  build/stm32f4xx_hal_flash.o
FLASH_IRQHandler                                  build/startup_stm32f446xx.o
FLASH_WaitForLastOperation                        build/stm32f4xx_hal_flash.o
                                                  build/stm32f4xx_hal_flash_ex.o
FMC_IRQHandler                                    build/startup_stm32f446xx.o
FMPI2C1_Error_IRQHandler                          build/startup_stm32f446xx.o
FMPI2C1_Event_IRQHandler                          build/startup_stm32f446xx.o
FPU_IRQHandler                                    build/startup_stm32f446xx.o
HAL_ADCEx_InjectedConvCpltCallback                build/stm32f4xx_hal_adc.o
HAL_ADC_AnalogWDGConfig                           build/stm32f4xx_hal_adc.o
HAL_ADC_ConfigChannel                             build/stm32f4xx_hal_adc.o
                                                  build/main.o
HAL_ADC_ConvCpltCallback                          build/stm32f4xx_hal_adc.o
HAL_ADC_ConvHalfCpltCallback                      build/stm32f4xx_hal_adc.o
HAL_ADC_DeInit                                    build/stm32f4xx_hal_adc.o
HAL_ADC_ErrorCallback                             build/stm32f4xx_hal_adc.o
HAL_ADC_GetError                                  build/stm32f4xx_hal_adc.o
HAL_ADC_GetState                                  build/stm32f4xx_hal_adc.o
HAL_ADC_GetValue                                  build/stm32f4xx_hal_adc.o
                                                  build/functions.o
                                                  build/main.o
HAL_ADC_IRQHandler                                build/stm32f4xx_hal_adc.o
HAL_ADC_Init                                      build/stm32f4xx_hal_adc.o
                                                  build/main.o
HAL_ADC_LevelOutOfWindowCallback                  build/stm32f4xx_hal_adc.o
HAL_ADC_MspDeInit                                 build/stm32f4xx_hal_msp.o
                                                  build/stm32f4xx_hal_adc.o
HAL_ADC_MspInit                                   build/stm32f4xx_hal_msp.o
                                                  build/stm32f4xx_hal_adc.o
HAL_ADC_PollForConversion                         build/stm32f4xx_hal_adc.o
                                                  build/functions.o
                                                  build/main.o
HAL_ADC_PollForEvent                              build/stm32f4xx_hal_adc.o
HAL_ADC_Start                                     build/stm32f4xx_hal_adc.o
                                                  build/functions.o
                                                  build/main.o
HAL_ADC_Start_DMA                                 build/stm32f4xx_hal_adc.o
HAL_ADC_Start_IT                                  build/stm32f4xx_hal_adc.o
HAL_ADC_Stop                                      build/stm32f4xx_hal_adc.o
HAL_ADC_Stop_DMA                                  build/stm32f4xx_hal_adc.o
HAL_ADC_Stop_IT                                   build/stm32f4xx_hal_adc.o
HAL_DBGMCU_DisableDBGSleepMode                    build/stm32f4xx_hal.o
HAL_DBGMCU_DisableDBGStandbyMode                  build/stm32f4xx_hal.o
HAL_DBGMCU_DisableDBGStopMode                     build/stm32f4xx_hal.o
HAL_DBGMCU_EnableDBGSleepMode                     build/stm32f4xx_hal.o
HAL_DBGMCU_EnableDBGStandbyMode                   build/stm32f4xx_hal.o
HAL_DBGMCU_EnableDBGStopMode                      build/stm32f4xx_hal.o
HAL_DMAEx_ChangeMemory                            build/stm32f4xx_hal_dma_ex.o
HAL_DMAEx_MultiBufferStart                        build/stm32f4xx_hal_dma_ex.o
HAL_DMAEx_MultiBufferStart_IT                     build/stm32f4xx_hal_dma_ex.o
HAL_DMA_Abort                                     build/stm32f4xx_hal_dma.o
                                                  build/stm32f4xx_hal_uart.o
                                                  build/stm32f4xx_hal_tim.o
                                                  build/stm32f4xx_hal_adc.o
HAL_DMA_Abort_IT                                  build/stm32f4xx_hal_dma.o
                                                  build/stm32f4xx_hal_uart.o
HAL_DMA_DeInit                                    build/stm32f4xx_hal_dma.o
HAL_DMA_GetError                                  build/stm32f4xx_hal_dma.o
HAL_DMA_GetState                                  build/stm32f4xx_hal_dma.o
HAL_DMA_IRQHandler                                build/stm32f4xx_hal_dma.o
HAL_DMA_Init                                      build/stm32f4xx_hal_dma.o
HAL_DMA_PollForTransfer                           build/stm32f4xx_hal_dma.o
HAL_DMA_RegisterCallback                          build/stm32f4xx_hal_dma.o
HAL_DMA_Start                                     build/stm32f4xx_hal_dma.o
HAL_DMA_Start_IT                                  build/stm32f4xx_hal_dma.o
                                                  build/stm32f4xx_hal_uart.o
                                                  build/stm32f4xx_hal_tim_ex.o
                                                  build/stm32f4xx_hal_tim.o
                                                  build/stm32f4xx_hal_adc.o
HAL_DMA_UnRegisterCallback                        build/stm32f4xx_hal_dma.o
HAL_DeInit                                        build/stm32f4xx_hal.o
HAL_Delay                                         build/stm32f4xx_hal.o
                                                  build/main.o
HAL_DisableCompensationCell                       build/stm32f4xx_hal.o
HAL_EnableCompensationCell                        build/stm32f4xx_hal.o
HAL_FLASHEx_AdvOBGetConfig                        build/stm32f4xx_hal_flash_ex.o
HAL_FLASHEx_AdvOBProgram                          build/stm32f4xx_hal_flash_ex.o
HAL_FLASHEx_DisableFlashSleepMode                 build/stm32f4xx_hal_flash_ramfunc.o
HAL_FLASHEx_EnableFlashSleepMode                  build/stm32f4xx_hal_flash_ramfunc.o
HAL_FLASHEx_Erase                                 build/stm32f4xx_hal_flash_ex.o
HAL_FLASHEx_Erase_IT                              build/stm32f4xx_hal_flash_ex.o
HAL_FLASHEx_OBGetConfig                           build/stm32f4xx_hal_flash_ex.o
HAL_FLASHEx_OBProgram                             build/stm32f4xx_hal_flash_ex.o
HAL_FLASHEx_OB_DeSelectPCROP                      build/stm32f4xx_hal_flash_ex.o
HAL_FLASHEx_OB_SelectPCROP                        build/stm32f4xx_hal_flash_ex.o
HAL_FLASHEx_StartFlashInterfaceClk                build/stm32f4xx_hal_flash_ramfunc.o
HAL_FLASHEx_StopFlashInterfaceClk                 build/stm32f4xx_hal_flash_ramfunc.o
HAL_FLASH_EndOfOperationCallback                  build/stm32f4xx_hal_flash.o
HAL_FLASH_GetError                                build/stm32f4xx_hal_flash.o
HAL_FLASH_IRQHandler                              build/stm32f4xx_hal_flash.o
HAL_FLASH_Lock                                    build/stm32f4xx_hal_flash.o
HAL_FLASH_OB_Launch                               build/stm32f4xx_hal_flash.o
HAL_FLASH_OB_Lock                                 build/stm32f4xx_hal_flash.o
HAL_FLASH_OB_Unlock                               build/stm32f4xx_hal_flash.o
HAL_FLASH_OperationErrorCallback                  build/stm32f4xx_hal_flash.o
HAL_FLASH_Program                                 build/stm32f4xx_hal_flash.o
HAL_FLASH_Program_IT                              build/stm32f4xx_hal_flash.o
HAL_FLASH_Unlock                                  build/stm32f4xx_hal_flash.o
HAL_GPIO_DeInit                                   build/stm32f4xx_hal_gpio.o
                                                  build/stm32f4xx_hal_msp.o
HAL_GPIO_EXTI_Callback                            build/stm32f4xx_hal_gpio.o
HAL_GPIO_EXTI_IRQHandler                          build/stm32f4xx_hal_gpio.o
                                                  build/stm32f4xx_it.o
HAL_GPIO_Init                                     build/stm32f4xx_hal_gpio.o
                                                  build/stm32f4xx_hal_msp.o
                                                  build/main.o
                                                  build/stm32f4xx_hal_rcc.o
HAL_GPIO_LockPin                                  build/stm32f4xx_hal_gpio.o
HAL_GPIO_ReadPin                                  build/stm32f4xx_hal_gpio.o
HAL_GPIO_TogglePin                                build/stm32f4xx_hal_gpio.o
                                                  build/main.o
HAL_GPIO_WritePin                                 build/stm32f4xx_hal_gpio.o
                                                  build/functions.o
                                                  build/main.o
HAL_GetDEVID                                      build/stm32f4xx_hal.o
HAL_GetHalVersion                                 build/stm32f4xx_hal.o
HAL_GetREVID                                      build/stm32f4xx_hal.o
HAL_GetTick                                       build/stm32f4xx_hal.o
                                                  build/stm32f4xx_hal_uart.o
                                                  build/stm32f4xx_hal_rcc_ex.o
                                                  build/stm32f4xx_hal_rcc.o
                                                  build/stm32f4xx_hal_pwr_ex.o
                                                  build/stm32f4xx_hal_flash.o
                                                  build/stm32f4xx_hal_dma.o
                                                  build/stm32f4xx_hal_adc.o
HAL_HalfDuplex_EnableReceiver                     build/stm32f4xx_hal_uart.o
HAL_HalfDuplex_EnableTransmitter                  build/stm32f4xx_hal_uart.o
HAL_HalfDuplex_Init                               build/stm32f4xx_hal_uart.o
HAL_IncTick                                       build/stm32f4xx_hal.o
                                                  build/stm32f4xx_it.o
HAL_Init                                          build/stm32f4xx_hal.o
                                                  build/main.o
HAL_InitTick                                      build/stm32f4xx_hal.o
                                                  build/stm32f4xx_hal_rcc.o
HAL_LIN_Init                                      build/stm32f4xx_hal_uart.o
HAL_LIN_SendBreak                                 build/stm32f4xx_hal_uart.o
HAL_MPU_ConfigRegion                              build/stm32f4xx_hal_cortex.o
HAL_MspDeInit                                     build/stm32f4xx_hal.o
HAL_MspInit                                       build/stm32f4xx_hal_msp.o
                                                  build/stm32f4xx_hal.o
HAL_MultiProcessor_EnterMuteMode                  build/stm32f4xx_hal_uart.o
HAL_MultiProcessor_ExitMuteMode                   build/stm32f4xx_hal_uart.o
HAL_MultiProcessor_Init                           build/stm32f4xx_hal_uart.o
HAL_NVIC_ClearPendingIRQ                          build/stm32f4xx_hal_cortex.o
HAL_NVIC_DisableIRQ                               build/stm32f4xx_hal_cortex.o
HAL_NVIC_EnableIRQ                                build/stm32f4xx_hal_cortex.o
                                                  build/stm32f4xx_hal_msp.o
                                                  build/main.o
HAL_NVIC_GetActive                                build/stm32f4xx_hal_cortex.o
HAL_NVIC_GetPendingIRQ                            build/stm32f4xx_hal_cortex.o
HAL_NVIC_GetPriority                              build/stm32f4xx_hal_cortex.o
HAL_NVIC_GetPriorityGrouping                      build/stm32f4xx_hal_cortex.o
HAL_NVIC_SetPendingIRQ                            build/stm32f4xx_hal_cortex.o
HAL_NVIC_SetPriority                              build/stm32f4xx_hal_cortex.o
                                                  build/stm32f4xx_hal_msp.o
                                                  build/main.o
                                                  build/stm32f4xx_hal.o
HAL_NVIC_SetPriorityGrouping                      build/stm32f4xx_hal_cortex.o
                                                  build/stm32f4xx_hal_msp.o
                                                  build/stm32f4xx_hal.o
HAL_NVIC_SystemReset                              build/stm32f4xx_hal_cortex.o
HAL_PWREx_ControlVoltageScaling                   build/stm32f4xx_hal_pwr_ex.o
HAL_PWREx_DisableBkUpReg                          build/stm32f4xx_hal_pwr_ex.o
HAL_PWREx_DisableFlashPowerDown                   build/stm32f4xx_hal_pwr_ex.o
HAL_PWREx_DisableOverDrive                        build/stm32f4xx_hal_pwr_ex.o
HAL_PWREx_EnableBkUpReg                           build/stm32f4xx_hal_pwr_ex.o
HAL_PWREx_EnableFlashPowerDown                    build/stm32f4xx_hal_pwr_ex.o
HAL_PWREx_EnableOverDrive                         build/stm32f4xx_hal_pwr_ex.o
                                                  build/main.o
HAL_PWREx_EnterUnderDriveSTOPMode                 build/stm32f4xx_hal_pwr_ex.o
HAL_PWREx_GetVoltageRange                         build/stm32f4xx_hal_pwr_ex.o
HAL_PWR_ConfigPVD                                 build/stm32f4xx_hal_pwr.o
HAL_PWR_DeInit                                    build/stm32f4xx_hal_pwr.o
HAL_PWR_DisableBkUpAccess                         build/stm32f4xx_hal_pwr.o
HAL_PWR_DisablePVD                                build/stm32f4xx_hal_pwr.o
HAL_PWR_DisableSEVOnPend                          build/stm32f4xx_hal_pwr.o
HAL_PWR_DisableSleepOnExit                        build/stm32f4xx_hal_pwr.o
HAL_PWR_DisableWakeUpPin                          build/stm32f4xx_hal_pwr.o
HAL_PWR_EnableBkUpAccess                          build/stm32f4xx_hal_pwr.o
HAL_PWR_EnablePVD                                 build/stm32f4xx_hal_pwr.o
HAL_PWR_EnableSEVOnPend                           build/stm32f4xx_hal_pwr.o
HAL_PWR_EnableSleepOnExit                         build/stm32f4xx_hal_pwr.o
HAL_PWR_EnableWakeUpPin                           build/stm32f4xx_hal_pwr.o
HAL_PWR_EnterSLEEPMode                            build/stm32f4xx_hal_pwr.o
HAL_PWR_EnterSTANDBYMode                          build/stm32f4xx_hal_pwr.o
HAL_PWR_EnterSTOPMode                             build/stm32f4xx_hal_pwr.o
HAL_PWR_PVDCallback                               build/stm32f4xx_hal_pwr.o
HAL_PWR_PVD_IRQHandler                            build/stm32f4xx_hal_pwr.o
HAL_RCCEx_GetPeriphCLKConfig                      build/stm32f4xx_hal_rcc_ex.o
HAL_RCCEx_GetPeriphCLKFreq                        build/stm32f4xx_hal_rcc_ex.o
HAL_RCCEx_PeriphCLKConfig                         build/stm32f4xx_hal_rcc_ex.o
HAL_RCCEx_SelectLSEMode                           build/stm32f4xx_hal_rcc_ex.o
HAL_RCC_CSSCallback                               build/stm32f4xx_hal_rcc.o
HAL_RCC_ClockConfig                               build/stm32f4xx_hal_rcc.o
                                                  build/main.o
HAL_RCC_DeInit                                    build/stm32f4xx_hal_rcc_ex.o
                                                  build/stm32f4xx_hal_rcc.o
HAL_RCC_DisableCSS                                build/stm32f4xx_hal_rcc.o
HAL_RCC_EnableCSS                                 build/stm32f4xx_hal_rcc.o
HAL_RCC_GetClockConfig                            build/stm32f4xx_hal_rcc.o
HAL_RCC_GetHCLKFreq                               build/stm32f4xx_hal_rcc.o
                                                  build/main.o
HAL_RCC_GetOscConfig                              build/stm32f4xx_hal_rcc_ex.o
                                                  build/stm32f4xx_hal_rcc.o
HAL_RCC_GetPCLK1Freq                              build/stm32f4xx_hal_rcc.o
                                                  build/stm32f4xx_hal_uart.o
HAL_RCC_GetPCLK2Freq                              build/stm32f4xx_hal_rcc.o
                                                  build/stm32f4xx_hal_uart.o
HAL_RCC_GetSysClockFreq                           build/stm32f4xx_hal_rcc_ex.o
                                                  build/stm32f4xx_hal_rcc.o
HAL_RCC_MCOConfig                                 build/stm32f4xx_hal_rcc.o
HAL_RCC_NMI_IRQHandler                            build/stm32f4xx_hal_rcc.o
HAL_RCC_OscConfig                                 build/stm32f4xx_hal_rcc_ex.o
                                                  build/stm32f4xx_hal_rcc.o
                                                  build/main.o
HAL_ResumeTick                                    build/stm32f4xx_hal.o
HAL_SYSTICK_CLKSourceConfig                       build/stm32f4xx_hal_cortex.o
                                                  build/main.o
HAL_SYSTICK_Callback                              build/stm32f4xx_hal_cortex.o
HAL_SYSTICK_Config                                build/stm32f4xx_hal_cortex.o
                                                  build/main.o
                                                  build/stm32f4xx_hal.o
HAL_SYSTICK_IRQHandler                            build/stm32f4xx_hal_cortex.o
                                                  build/stm32f4xx_it.o
HAL_SuspendTick                                   build/stm32f4xx_hal.o
HAL_TIMEx_BreakCallback                           build/stm32f4xx_hal_tim_ex.o
                                                  build/stm32f4xx_hal_tim.o
HAL_TIMEx_CommutationCallback                     build/stm32f4xx_hal_tim_ex.o
                                                  build/stm32f4xx_hal_tim.o
HAL_TIMEx_ConfigBreakDeadTime                     build/stm32f4xx_hal_tim_ex.o
HAL_TIMEx_ConfigCommutationEvent                  build/stm32f4xx_hal_tim_ex.o
HAL_TIMEx_ConfigCommutationEvent_DMA              build/stm32f4xx_hal_tim_ex.o
HAL_TIMEx_ConfigCommutationEvent_IT               build/stm32f4xx_hal_tim_ex.o
HAL_TIMEx_HallSensor_DeInit                       build/stm32f4xx_hal_tim_ex.o
HAL_TIMEx_HallSensor_GetState                     build/stm32f4xx_hal_tim_ex.o
HAL_TIMEx_HallSensor_Init                         build/stm32f4xx_hal_tim_ex.o
HAL_TIMEx_HallSensor_MspDeInit                    build/stm32f4xx_hal_tim_ex.o
HAL_TIMEx_HallSensor_MspInit                      build/stm32f4xx_hal_tim_ex.o
HAL_TIMEx_HallSensor_Start                        build/stm32f4xx_hal_tim_ex.o
HAL_TIMEx_HallSensor_Start_DMA                    build/stm32f4xx_hal_tim_ex.o
HAL_TIMEx_HallSensor_Start_IT                     build/stm32f4xx_hal_tim_ex.o
HAL_TIMEx_HallSensor_Stop                         build/stm32f4xx_hal_tim_ex.o
HAL_TIMEx_HallSensor_Stop_DMA                     build/stm32f4xx_hal_tim_ex.o
HAL_TIMEx_HallSensor_Stop_IT                      build/stm32f4xx_hal_tim_ex.o
HAL_TIMEx_MasterConfigSynchronization             build/stm32f4xx_hal_tim_ex.o
                                                  build/main.o
HAL_TIMEx_OCN_Start                               build/stm32f4xx_hal_tim_ex.o
HAL_TIMEx_OCN_Start_DMA                           build/stm32f4xx_hal_tim_ex.o
HAL_TIMEx_OCN_Start_IT                            build/stm32f4xx_hal_tim_ex.o
HAL_TIMEx_OCN_Stop                                build/stm32f4xx_hal_tim_ex.o
HAL_TIMEx_OCN_Stop_DMA                            build/stm32f4xx_hal_tim_ex.o
HAL_TIMEx_OCN_Stop_IT                             build/stm32f4xx_hal_tim_ex.o
HAL_TIMEx_OnePulseN_Start                         build/stm32f4xx_hal_tim_ex.o
HAL_TIMEx_OnePulseN_Start_IT                      build/stm32f4xx_hal_tim_ex.o
HAL_TIMEx_OnePulseN_Stop                          build/stm32f4xx_hal_tim_ex.o
HAL_TIMEx_OnePulseN_Stop_IT                       build/stm32f4xx_hal_tim_ex.o
HAL_TIMEx_PWMN_Start                              build/stm32f4xx_hal_tim_ex.o
HAL_TIMEx_PWMN_Start_DMA                          build/stm32f4xx_hal_tim_ex.o
HAL_TIMEx_PWMN_Start_IT                           build/stm32f4xx_hal_tim_ex.o
HAL_TIMEx_PWMN_Stop                               build/stm32f4xx_hal_tim_ex.o
HAL_TIMEx_PWMN_Stop_DMA                           build/stm32f4xx_hal_tim_ex.o
HAL_TIMEx_PWMN_Stop_IT                            build/stm32f4xx_hal_tim_ex.o
HAL_TIMEx_RemapConfig                             build/stm32f4xx_hal_tim_ex.o
HAL_TIM_Base_DeInit                               build/stm32f4xx_hal_tim.o
HAL_TIM_Base_GetState                             build/stm32f4xx_hal_tim.o
HAL_TIM_Base_Init                                 build/stm32f4xx_hal_tim.o
HAL_TIM_Base_MspDeInit                            build/stm32f4xx_hal_tim.o
HAL_TIM_Base_MspInit                              build/stm32f4xx_hal_tim.o
HAL_TIM_Base_Start                                build/stm32f4xx_hal_tim.o
HAL_TIM_Base_Start_DMA                            build/stm32f4xx_hal_tim.o
HAL_TIM_Base_Start_IT                             build/stm32f4xx_hal_tim.o
HAL_TIM_Base_Stop                                 build/stm32f4xx_hal_tim.o
HAL_TIM_Base_Stop_DMA                             build/stm32f4xx_hal_tim.o
HAL_TIM_Base_Stop_IT                              build/stm32f4xx_hal_tim.o
HAL_TIM_ConfigClockSource                         build/stm32f4xx_hal_tim.o
HAL_TIM_ConfigOCrefClear                          build/stm32f4xx_hal_tim.o
HAL_TIM_ConfigTI1Input                            build/stm32f4xx_hal_tim.o
HAL_TIM_DMABurst_ReadStart                        build/stm32f4xx_hal_tim.o
HAL_TIM_DMABurst_ReadStop                         build/stm32f4xx_hal_tim.o
HAL_TIM_DMABurst_WriteStart                       build/stm32f4xx_hal_tim.o
HAL_TIM_DMABurst_WriteStop                        build/stm32f4xx_hal_tim.o
HAL_TIM_Encoder_DeInit                            build/stm32f4xx_hal_tim.o
HAL_TIM_Encoder_GetState                          build/stm32f4xx_hal_tim.o
HAL_TIM_Encoder_Init                              build/stm32f4xx_hal_tim.o
HAL_TIM_Encoder_MspDeInit                         build/stm32f4xx_hal_tim.o
HAL_TIM_Encoder_MspInit                           build/stm32f4xx_hal_tim.o
HAL_TIM_Encoder_Start                             build/stm32f4xx_hal_tim.o
HAL_TIM_Encoder_Start_DMA                         build/stm32f4xx_hal_tim.o
HAL_TIM_Encoder_Start_IT                          build/stm32f4xx_hal_tim.o
HAL_TIM_Encoder_Stop                              build/stm32f4xx_hal_tim.o
HAL_TIM_Encoder_Stop_DMA                          build/stm32f4xx_hal_tim.o
HAL_TIM_Encoder_Stop_IT                           build/stm32f4xx_hal_tim.o
HAL_TIM_ErrorCallback                             build/stm32f4xx_hal_tim.o
HAL_TIM_GenerateEvent                             build/stm32f4xx_hal_tim.o
HAL_TIM_IC_CaptureCallback                        build/stm32f4xx_hal_tim.o
HAL_TIM_IC_ConfigChannel                          build/stm32f4xx_hal_tim.o
HAL_TIM_IC_DeInit                                 build/stm32f4xx_hal_tim.o
HAL_TIM_IC_GetState                               build/stm32f4xx_hal_tim.o
HAL_TIM_IC_Init                                   build/stm32f4xx_hal_tim.o
HAL_TIM_IC_MspDeInit                              build/stm32f4xx_hal_tim.o
HAL_TIM_IC_MspInit                                build/stm32f4xx_hal_tim.o
HAL_TIM_IC_Start                                  build/stm32f4xx_hal_tim.o
HAL_TIM_IC_Start_DMA                              build/stm32f4xx_hal_tim.o
HAL_TIM_IC_Start_IT                               build/stm32f4xx_hal_tim.o
HAL_TIM_IC_Stop                                   build/stm32f4xx_hal_tim.o
HAL_TIM_IC_Stop_DMA                               build/stm32f4xx_hal_tim.o
HAL_TIM_IC_Stop_IT                                build/stm32f4xx_hal_tim.o
HAL_TIM_IRQHandler                                build/stm32f4xx_hal_tim.o
HAL_TIM_MspPostInit                               build/stm32f4xx_hal_msp.o
                                                  build/main.o
HAL_TIM_OC_ConfigChannel                          build/stm32f4xx_hal_tim.o
HAL_TIM_OC_DeInit                                 build/stm32f4xx_hal_tim.o
HAL_TIM_OC_DelayElapsedCallback                   build/stm32f4xx_hal_tim.o
HAL_TIM_OC_GetState                               build/stm32f4xx_hal_tim.o
HAL_TIM_OC_Init                                   build/stm32f4xx_hal_tim.o
HAL_TIM_OC_MspDeInit                              build/stm32f4xx_hal_tim.o
HAL_TIM_OC_MspInit                                build/stm32f4xx_hal_tim.o
HAL_TIM_OC_Start                                  build/stm32f4xx_hal_tim.o
HAL_TIM_OC_Start_DMA                              build/stm32f4xx_hal_tim.o
HAL_TIM_OC_Start_IT                               build/stm32f4xx_hal_tim.o
HAL_TIM_OC_Stop                                   build/stm32f4xx_hal_tim.o
HAL_TIM_OC_Stop_DMA                               build/stm32f4xx_hal_tim.o
HAL_TIM_OC_Stop_IT                                build/stm32f4xx_hal_tim.o
HAL_TIM_OnePulse_ConfigChannel                    build/stm32f4xx_hal_tim.o
HAL_TIM_OnePulse_DeInit                           build/stm32f4xx_hal_tim.o
HAL_TIM_OnePulse_GetState                         build/stm32f4xx_hal_tim.o
HAL_TIM_OnePulse_Init                             build/stm32f4xx_hal_tim.o
HAL_TIM_OnePulse_MspDeInit                        build/stm32f4xx_hal_tim.o
HAL_TIM_OnePulse_MspInit                          build/stm32f4xx_hal_tim.o
HAL_TIM_OnePulse_Start                            build/stm32f4xx_hal_tim.o
HAL_TIM_OnePulse_Start_IT                         build/stm32f4xx_hal_tim.o
HAL_TIM_OnePulse_Stop                             build/stm32f4xx_hal_tim.o
HAL_TIM_OnePulse_Stop_IT                          build/stm32f4xx_hal_tim.o
HAL_TIM_PWM_ConfigChannel                         build/stm32f4xx_hal_tim.o
                                                  build/main.o
HAL_TIM_PWM_DeInit                                build/stm32f4xx_hal_tim.o
HAL_TIM_PWM_GetState                              build/stm32f4xx_hal_tim.o
HAL_TIM_PWM_Init                                  build/stm32f4xx_hal_tim.o
                                                  build/main.o
HAL_TIM_PWM_MspDeInit                             build/stm32f4xx_hal_msp.o
                                                  build/stm32f4xx_hal_tim.o
HAL_TIM_PWM_MspInit                               build/stm32f4xx_hal_msp.o
                                                  build/stm32f4xx_hal_tim.o
HAL_TIM_PWM_PulseFinishedCallback                 build/stm32f4xx_hal_tim.o
HAL_TIM_PWM_Start                                 build/stm32f4xx_hal_tim.o
                                                  build/main.o
HAL_TIM_PWM_Start_DMA                             build/stm32f4xx_hal_tim.o
HAL_TIM_PWM_Start_IT                              build/stm32f4xx_hal_tim.o
HAL_TIM_PWM_Stop                                  build/stm32f4xx_hal_tim.o
HAL_TIM_PWM_Stop_DMA                              build/stm32f4xx_hal_tim.o
HAL_TIM_PWM_Stop_IT                               build/stm32f4xx_hal_tim.o
HAL_TIM_PeriodElapsedCallback                     build/stm32f4xx_hal_tim.o
HAL_TIM_ReadCapturedValue                         build/stm32f4xx_hal_tim.o
HAL_TIM_SlaveConfigSynchronization                build/stm32f4xx_hal_tim.o
HAL_TIM_SlaveConfigSynchronization_IT             build/stm32f4xx_hal_tim.o
HAL_TIM_TriggerCallback                           build/stm32f4xx_hal_tim.o
HAL_UART_Abort                                    build/stm32f4xx_hal_uart.o
HAL_UART_AbortCpltCallback                        build/stm32f4xx_hal_uart.o
HAL_UART_AbortReceive                             build/stm32f4xx_hal_uart.o
HAL_UART_AbortReceiveCpltCallback                 build/stm32f4xx_hal_uart.o
HAL_UART_AbortReceive_IT                          build/stm32f4xx_hal_uart.o
HAL_UART_AbortTransmit                            build/stm32f4xx_hal_uart.o
HAL_UART_AbortTransmitCpltCallback                build/stm32f4xx_hal_uart.o
HAL_UART_AbortTransmit_IT                         build/stm32f4xx_hal_uart.o
HAL_UART_Abort_IT                                 build/stm32f4xx_hal_uart.o
HAL_UART_DMAPause                                 build/stm32f4xx_hal_uart.o
HAL_UART_DMAResume                                build/stm32f4xx_hal_uart.o
HAL_UART_DMAStop                                  build/stm32f4xx_hal_uart.o
HAL_UART_DeInit                                   build/stm32f4xx_hal_uart.o
HAL_UART_ErrorCallback                            build/stm32f4xx_hal_uart.o
HAL_UART_GetError                                 build/stm32f4xx_hal_uart.o
HAL_UART_GetState                                 build/stm32f4xx_hal_uart.o
HAL_UART_IRQHandler                               build/stm32f4xx_hal_uart.o
HAL_UART_Init                                     build/stm32f4xx_hal_uart.o
                                                  build/main.o
HAL_UART_MspDeInit                                build/stm32f4xx_hal_msp.o
                                                  build/stm32f4xx_hal_uart.o
HAL_UART_MspInit                                  build/stm32f4xx_hal_msp.o
                                                  build/stm32f4xx_hal_uart.o
HAL_UART_Receive                                  build/stm32f4xx_hal_uart.o
HAL_UART_Receive_DMA                              build/stm32f4xx_hal_uart.o
HAL_UART_Receive_IT                               build/stm32f4xx_hal_uart.o
HAL_UART_RxCpltCallback                           build/stm32f4xx_hal_uart.o
HAL_UART_RxHalfCpltCallback                       build/stm32f4xx_hal_uart.o
HAL_UART_Transmit                                 build/stm32f4xx_hal_uart.o
                                                  build/main.o
HAL_UART_Transmit_DMA                             build/stm32f4xx_hal_uart.o
HAL_UART_Transmit_IT                              build/stm32f4xx_hal_uart.o
HAL_UART_TxCpltCallback                           build/stm32f4xx_hal_uart.o
HAL_UART_TxHalfCpltCallback                       build/stm32f4xx_hal_uart.o
HardFault_Handler                                 build/startup_stm32f446xx.o
I2C1_ER_IRQHandler                                build/startup_stm32f446xx.o
I2C1_EV_IRQHandler                                build/startup_stm32f446xx.o
I2C2_ER_IRQHandler                                build/startup_stm32f446xx.o
I2C2_EV_IRQHandler                                build/startup_stm32f446xx.o
I2C3_ER_IRQHandler                                build/startup_stm32f446xx.o
I2C3_EV_IRQHandler                                build/startup_stm32f446xx.o
MemManage_Handler                                 build/startup_stm32f446xx.o
NMI_Handler                                       build/startup_stm32f446xx.o
OTG_FS_IRQHandler                                 build/startup_stm32f446xx.o
OTG_FS_WKUP_IRQHandler                            build/startup_stm32f446xx.o
OTG_HS_EP1_IN_IRQHandler                          build/startup_stm32f446xx.o
OTG_HS_EP1_OUT_IRQHandler                         build/startup_stm32f446xx.o
OTG_HS_IRQHandler                                 build/startup_stm32f446xx.o
OTG_HS_WKUP_IRQHandler                            build/startup_stm32f446xx.o
PVD_IRQHandler                                    build/startup_stm32f446xx.o
PendSV_Handler                                    build/startup_stm32f446xx.o
QUADSPI_IRQHandler                                build/startup_stm32f446xx.o
RCC_IRQHandler                                    build/stm32f4xx_it.o
RTC_Alarm_IRQHandler                              build/startup_stm32f446xx.o
RTC_WKUP_IRQHandler                               build/startup_stm32f446xx.o
Reset_Handler                                     build/startup_stm32f446xx.o
SAI1_IRQHandler                                   build/startup_stm32f446xx.o
SAI2_IRQHandler                                   build/startup_stm32f446xx.o
SDIO_IRQHandler                                   build/startup_stm32f446xx.o
SPDIF_RX_IRQHandler                               build/startup_stm32f446xx.o
SPI1_IRQHandler                                   build/startup_stm32f446xx.o
SPI2_IRQHandler                                   build/startup_stm32f446xx.o
SPI3_IRQHandler                                   build/startup_stm32f446xx.o
SPI4_IRQHandler                                   build/startup_stm32f446xx.o
SVC_Handler                                       build/startup_stm32f446xx.o
SysTick_Handler                                   build/stm32f4xx_it.o
SystemClock_Config                                build/main.o
SystemCoreClock                                   build/system_stm32f4xx.o
                                                  build/stm32f4xx_hal_rcc_ex.o
                                                  build/stm32f4xx_hal_rcc.o
                                                  build/stm32f4xx_hal_dma.o
                                                  build/stm32f4xx_hal_adc.o
                                                  build/stm32f4xx_hal.o
SystemCoreClockUpdate                             build/system_stm32f4xx.o
SystemInit                                        build/system_stm32f4xx.o
                                                  build/startup_stm32f446xx.o
TAMP_STAMP_IRQHandler                             build/startup_stm32f446xx.o
TIM1_BRK_TIM9_IRQHandler                          build/startup_stm32f446xx.o
TIM1_CC_IRQHandler                                build/startup_stm32f446xx.o
TIM1_TRG_COM_TIM11_IRQHandler                     build/startup_stm32f446xx.o
TIM1_UP_TIM10_IRQHandler                          build/startup_stm32f446xx.o
TIM2_IRQHandler                                   build/startup_stm32f446xx.o
TIM3_IRQHandler                                   build/startup_stm32f446xx.o
TIM4_IRQHandler                                   build/startup_stm32f446xx.o
TIM5_IRQHandler                                   build/startup_stm32f446xx.o
TIM6_DAC_IRQHandler                               build/startup_stm32f446xx.o
TIM7_IRQHandler                                   build/startup_stm32f446xx.o
TIM8_BRK_TIM12_IRQHandler                         build/startup_stm32f446xx.o
TIM8_CC_IRQHandler                                build/startup_stm32f446xx.o
TIM8_TRG_COM_TIM14_IRQHandler                     build/startup_stm32f446xx.o
TIM8_UP_TIM13_IRQHandler                          build/startup_stm32f446xx.o
TIMEx_DMACommutationCplt                          build/stm32f4xx_hal_tim_ex.o
                                                  build/stm32f4xx_hal_tim.o
TIM_Base_SetConfig                                build/stm32f4xx_hal_tim.o
                                                  build/stm32f4xx_hal_tim_ex.o
TIM_CCxChannelCmd                                 build/stm32f4xx_hal_tim.o
                                                  build/stm32f4xx_hal_tim_ex.o
TIM_DMACaptureCplt                                build/stm32f4xx_hal_tim.o
                                                  build/stm32f4xx_hal_tim_ex.o
TIM_DMADelayPulseCplt                             build/stm32f4xx_hal_tim.o
                                                  build/stm32f4xx_hal_tim_ex.o
TIM_DMAError                                      build/stm32f4xx_hal_tim.o
                                                  build/stm32f4xx_hal_tim_ex.o
TIM_OC2_SetConfig                                 build/stm32f4xx_hal_tim.o
                                                  build/stm32f4xx_hal_tim_ex.o
TIM_TI1_SetConfig                                 build/stm32f4xx_hal_tim.o
                                                  build/stm32f4xx_hal_tim_ex.o
UART4_IRQHandler                                  build/startup_stm32f446xx.o
UART5_IRQHandler                                  build/startup_stm32f446xx.o
USART1_IRQHandler                                 build/startup_stm32f446xx.o
USART2_IRQHandler                                 build/startup_stm32f446xx.o
USART3_IRQHandler                                 build/startup_stm32f446xx.o
USART6_IRQHandler                                 build/startup_stm32f446xx.o
UsageFault_Handler                                build/startup_stm32f446xx.o
WWDG_IRQHandler                                   build/startup_stm32f446xx.o
_Jv_RegisterClasses                               /usr/local/gcc-arm-none-eabi-5_4-2016q3/bin/../lib/gcc/arm-none-eabi/5.4.1/armv7e-m/softfp/crtbegin.o
__bss_end__                                       /usr/local/gcc-arm-none-eabi-5_4-2016q3/bin/../lib/gcc/arm-none-eabi/5.4.1/../../../../arm-none-eabi/lib/armv7e-m/softfp/crt0.o
__bss_start__                                     /usr/local/gcc-arm-none-eabi-5_4-2016q3/bin/../lib/gcc/arm-none-eabi/5.4.1/../../../../arm-none-eabi/lib/armv7e-m/softfp/crt0.o
__call_exitprocs                                  /usr/local/gcc-arm-none-eabi-5_4-2016q3/bin/../lib/gcc/arm-none-eabi/5.4.1/../../../../arm-none-eabi/lib/armv7e-m/softfp/libc_nano.a(lib_a-exit.o)
__deregister_frame_info                           /usr/local/gcc-arm-none-eabi-5_4-2016q3/bin/../lib/gcc/arm-none-eabi/5.4.1/armv7e-m/softfp/crtbegin.o
__dso_handle                                      /usr/local/gcc-arm-none-eabi-5_4-2016q3/bin/../lib/gcc/arm-none-eabi/5.4.1/armv7e-m/softfp/crtbegin.o
__fp_lock_all                                     /usr/local/gcc-arm-none-eabi-5_4-2016q3/bin/../lib/gcc/arm-none-eabi/5.4.1/../../../../arm-none-eabi/lib/armv7e-m/softfp/libc_nano.a(lib_a-findfp.o)
__fp_unlock_all                                   /usr/local/gcc-arm-none-eabi-5_4-2016q3/bin/../lib/gcc/arm-none-eabi/5.4.1/../../../../arm-none-eabi/lib/armv7e-m/softfp/libc_nano.a(lib_a-findfp.o)
__init_array_end                                  /usr/local/gcc-arm-none-eabi-5_4-2016q3/bin/../lib/gcc/arm-none-eabi/5.4.1/../../../../arm-none-eabi/lib/armv7e-m/softfp/libc_nano.a(lib_a-init.o)
__init_array_start                                /usr/local/gcc-arm-none-eabi-5_4-2016q3/bin/../lib/gcc/arm-none-eabi/5.4.1/../../../../arm-none-eabi/lib/armv7e-m/softfp/libc_nano.a(lib_a-init.o)